BL51 BANKED LINKER/LOCATER V6.22                                                        10/19/2019  19:28:37  PAGE 1


BL51 BANKED LINKER/LOCATER V6.22, INVOKED BY:
D:\PROGRAM FILES (X86)\KEIL\C51\BIN\BL51.EXE STARTUP.obj, RC522.obj, MAIN.obj, LCD12864.obj TO test RAMSIZE (256)


MEMORY MODEL: COMPACT


INPUT MODULES INCLUDED:
  STARTUP.obj (?C_STARTUP)
  RC522.obj (RC522)
  MAIN.obj (MAIN)
  LCD12864.obj (LCD12864)
  D:\PROGRAM FILES (X86)\KEIL\C51\LIB\C51C.LIB (?C?CLDPTR)
  D:\PROGRAM FILES (X86)\KEIL\C51\LIB\C51C.LIB (?C?CLDOPTR)
  D:\PROGRAM FILES (X86)\KEIL\C51\LIB\C51C.LIB (?C?CSTPTR)
  D:\PROGRAM FILES (X86)\KEIL\C51\LIB\C51C.LIB (?C?CSTOPTR)
  D:\PROGRAM FILES (X86)\KEIL\C51\LIB\C51C.LIB (?C?UIDIV)
  D:\PROGRAM FILES (X86)\KEIL\C51\LIB\C51C.LIB (?C?ISTPTR)


LINK MAP OF MODULE:  test (?C_STARTUP)


            TYPE    BASE      LENGTH    RELOCATION   SEGMENT NAME
            -----------------------------------------------------

            * * * * * * *   D A T A   M E M O R Y   * * * * * * *
            REG     0000H     0008H     ABSOLUTE     "REG BANK 0"
            DATA    0008H     0010H     UNIT         ?DT?MAIN
                    0018H     0008H                  *** GAP ***
            BIT     0020H.0   0000H.1   UNIT         _BIT_GROUP_
                    0020H.1   0000H.7                *** GAP ***
            IDATA   0021H     0014H     UNIT         ?ID?MAIN
            IDATA   0035H     0001H     UNIT         ?STACK

            * * * * * * *  X D A T A   M E M O R Y  * * * * * * *
            XDATA   0000H     0008H     INPAGE       ?PD?MAIN
            XDATA   0008H     0030H     INPAGE       _PDATA_GROUP_

            * * * * * * *   C O D E   M E M O R Y   * * * * * * *
            CODE    0000H     0003H     ABSOLUTE     
            CODE    0003H     0612H     UNIT         ?PR?MAIN?MAIN
            CODE    0615H     01EAH     UNIT         ?PR?_PCDCOMMF522?RC522
            CODE    07FFH     00EEH     UNIT         ?C?LIB_CODE
            CODE    08EDH     00CCH     UNIT         ?CO?MAIN
            CODE    09B9H     00B2H     UNIT         ?PR?_RX_DATA_PARSING?MAIN
            CODE    0A6BH     009FH     UNIT         ?PR?_PCDANTICOLL?RC522
            CODE    0B0AH     009FH     UNIT         ?PR?_PCDSELECT?RC522
            CODE    0BA9H     0099H     UNIT         ?PR?_CALULATECRC?RC522
            CODE    0C42H     0095H     UNIT         ?PR?_PCDWRITE?RC522
            CODE    0CD7H     0092H     UNIT         ?PR?_PCDAUTHSTATE?RC522
            CODE    0D69H     0084H     UNIT         ?PR?_PCDREAD?RC522
            CODE    0DEDH     0081H     UNIT         ?PR?_PCDREQUEST?RC522
            CODE    0E6EH     007AH     UNIT         ?PR?_LCD12864_DISPLAY_NUM?MAIN
            CODE    0EE8H     004BH     UNIT         ?PR?_M500PCDCONFIGISOTYPE?RC522
            CODE    0F33H     0043H     UNIT         ?PR?_READRAWRC?RC522
            CODE    0F76H     003FH     UNIT         ?PR?_WRITERAWRC?RC522
            CODE    0FB5H     003EH     UNIT         ?PR?PCDRESET?RC522
BL51 BANKED LINKER/LOCATER V6.22                                                      10/19/2019  19:28:37  PAGE 2


            CODE    0FF3H     003AH     UNIT         ?PR?TX_DATA_PARSING?MAIN
            CODE    102DH     0029H     UNIT         ?PR?_DELAY_10MS?RC522
            CODE    1056H     0023H     UNIT         ?PR?_LCD_POS?LCD12864
            CODE    1079H     0020H     UNIT         ?PR?_DELAY_1MS?LCD12864
            CODE    1099H     0020H     UNIT         ?PR?LCD_INIT?LCD12864
            CODE    10B9H     001EH     UNIT         ?PR?INITIALIZESYSTEM?MAIN
            CODE    10D7H     001EH     UNIT         ?PR?KEY_SCAN?MAIN
            CODE    10F5H     0013H     UNIT         ?PR?_CLEARBITMASK?RC522
            CODE    1108H     0013H     UNIT         ?PR?_WRITE_STR?LCD12864
            CODE    111BH     0012H     UNIT         ?PR?PCDANTENNAON?RC522
            CODE    112DH     0011H     UNIT         ?PR?LCD_BUSY?LCD12864
            CODE    113EH     000FH     UNIT         ?PR?_WRITE_CMD?LCD12864
            CODE    114DH     000FH     UNIT         ?PR?_WRITE_DAT?LCD12864
            CODE    115CH     000DH     UNIT         ?PR?_SETBITMASK?RC522
            CODE    1169H     000CH     UNIT         ?C_C51STARTUP
            CODE    1175H     0007H     UNIT         ?PR?PCDANTENNAOFF?RC522



OVERLAY MAP OF MODULE:   test (?C_STARTUP)


SEGMENT                                    BIT_GROUP          PDATA_GROUP
  +--> CALLED SEGMENT                   START    LENGTH     START    LENGTH
---------------------------------------------------------------------------
?C_C51STARTUP                           -----    -----      -----    -----
  +--> ?PR?MAIN?MAIN

?PR?MAIN?MAIN                           0020H.0  0000H.1    0008H    0002H
  +--> ?PR?INITIALIZESYSTEM?MAIN
  +--> ?PR?LCD_INIT?LCD12864
  +--> ?PR?_LCD_POS?LCD12864
  +--> ?CO?MAIN
  +--> ?PR?_WRITE_STR?LCD12864
  +--> ?PR?KEY_SCAN?MAIN
  +--> ?PR?_DELAY_1MS?LCD12864
  +--> ?PR?_LCD12864_DISPLAY_NUM?MAIN
  +--> ?PR?_PCDREQUEST?RC522
  +--> ?PR?_PCDANTICOLL?RC522
  +--> ?PR?_PCDSELECT?RC522
  +--> ?PR?_PCDAUTHSTATE?RC522
  +--> ?PR?TX_DATA_PARSING?MAIN
  +--> ?PR?_PCDWRITE?RC522
  +--> ?PR?_PCDREAD?RC522
  +--> ?PR?_RX_DATA_PARSING?MAIN

?PR?INITIALIZESYSTEM?MAIN               -----    -----      -----    -----
  +--> ?PR?PCDRESET?RC522
  +--> ?PR?PCDANTENNAOFF?RC522
  +--> ?PR?PCDANTENNAON?RC522
  +--> ?PR?_M500PCDCONFIGISOTYPE?RC522
  +--> ?PR?_DELAY_1MS?LCD12864

?PR?PCDRESET?RC522                      -----    -----      -----    -----
  +--> ?PR?_WRITERAWRC?RC522

?PR?PCDANTENNAOFF?RC522                 -----    -----      -----    -----
BL51 BANKED LINKER/LOCATER V6.22                                                      10/19/2019  19:28:37  PAGE 3


  +--> ?PR?_CLEARBITMASK?RC522

?PR?_CLEARBITMASK?RC522                 -----    -----      -----    -----
  +--> ?PR?_READRAWRC?RC522
  +--> ?PR?_WRITERAWRC?RC522

?PR?PCDANTENNAON?RC522                  -----    -----      -----    -----
  +--> ?PR?_READRAWRC?RC522
  +--> ?PR?_SETBITMASK?RC522

?PR?_SETBITMASK?RC522                   -----    -----      -----    -----
  +--> ?PR?_READRAWRC?RC522
  +--> ?PR?_WRITERAWRC?RC522

?PR?_M500PCDCONFIGISOTYPE?RC522         -----    -----      -----    -----
  +--> ?PR?_CLEARBITMASK?RC522
  +--> ?PR?_WRITERAWRC?RC522
  +--> ?PR?_DELAY_10MS?RC522
  +--> ?PR?PCDANTENNAON?RC522

?PR?_DELAY_10MS?RC522                   -----    -----      000AH    0002H

?PR?LCD_INIT?LCD12864                   -----    -----      -----    -----
  +--> ?PR?_WRITE_CMD?LCD12864
  +--> ?PR?_DELAY_1MS?LCD12864

?PR?_WRITE_CMD?LCD12864                 -----    -----      -----    -----
  +--> ?PR?LCD_BUSY?LCD12864

?PR?_LCD_POS?LCD12864                   -----    -----      -----    -----
  +--> ?PR?_WRITE_CMD?LCD12864

?PR?_WRITE_STR?LCD12864                 -----    -----      -----    -----
  +--> ?PR?_WRITE_DAT?LCD12864

?PR?_WRITE_DAT?LCD12864                 -----    -----      -----    -----
  +--> ?PR?LCD_BUSY?LCD12864

?PR?_LCD12864_DISPLAY_NUM?MAIN          -----    -----      000AH    0007H
  +--> ?PR?_LCD_POS?LCD12864
  +--> ?PR?_WRITE_STR?LCD12864

?PR?_PCDREQUEST?RC522                   -----    -----      000AH    0018H
  +--> ?PR?_CLEARBITMASK?RC522
  +--> ?PR?_WRITERAWRC?RC522
  +--> ?PR?_SETBITMASK?RC522
  +--> ?PR?_PCDCOMMF522?RC522

?PR?_PCDCOMMF522?RC522                  -----    -----      0027H    0011H
  +--> ?PR?_WRITERAWRC?RC522
  +--> ?PR?_CLEARBITMASK?RC522
  +--> ?PR?_SETBITMASK?RC522
  +--> ?PR?_READRAWRC?RC522

?PR?_PCDANTICOLL?RC522                  -----    -----      000AH    0019H
  +--> ?PR?_CLEARBITMASK?RC522
  +--> ?PR?_WRITERAWRC?RC522
BL51 BANKED LINKER/LOCATER V6.22                                                      10/19/2019  19:28:37  PAGE 4


  +--> ?PR?_PCDCOMMF522?RC522
  +--> ?PR?_SETBITMASK?RC522

?PR?_PCDSELECT?RC522                    -----    -----      000AH    0017H
  +--> ?PR?_CALULATECRC?RC522
  +--> ?PR?_CLEARBITMASK?RC522
  +--> ?PR?_PCDCOMMF522?RC522

?PR?_CALULATECRC?RC522                  -----    -----      0021H    0008H
  +--> ?PR?_CLEARBITMASK?RC522
  +--> ?PR?_WRITERAWRC?RC522
  +--> ?PR?_SETBITMASK?RC522
  +--> ?PR?_READRAWRC?RC522

?PR?_PCDAUTHSTATE?RC522                 -----    -----      000AH    001DH
  +--> ?PR?_PCDCOMMF522?RC522
  +--> ?PR?_READRAWRC?RC522

?PR?_PCDWRITE?RC522                     -----    -----      000AH    0017H
  +--> ?PR?_CALULATECRC?RC522
  +--> ?PR?_PCDCOMMF522?RC522

?PR?_PCDREAD?RC522                      -----    -----      000AH    0017H
  +--> ?PR?_CALULATECRC?RC522
  +--> ?PR?_PCDCOMMF522?RC522



SYMBOL TABLE OF MODULE:  test (?C_STARTUP)

  VALUE           TYPE          NAME
  ----------------------------------

  -------         MODULE        ?C_STARTUP
  C:1169H         SEGMENT       ?C_C51STARTUP
  I:0035H         SEGMENT       ?STACK
  C:0000H         PUBLIC        ?C_STARTUP
  D:00E0H         SYMBOL        ACC
  D:00F0H         SYMBOL        B
  D:0083H         SYMBOL        DPH
  D:0082H         SYMBOL        DPL
  N:0000H         SYMBOL        IBPSTACK
  N:0100H         SYMBOL        IBPSTACKTOP
  N:0080H         SYMBOL        IDATALEN
  C:116CH         SYMBOL        IDATALOOP
  N:0000H         SYMBOL        PBPSTACK
  N:0100H         SYMBOL        PBPSTACKTOP
  N:0000H         SYMBOL        PDATALEN
  N:0000H         SYMBOL        PDATASTART
  N:0000H         SYMBOL        PPAGE
  N:0000H         SYMBOL        PPAGEENABLE
  D:00A0H         SYMBOL        PPAGE_SFR
  D:0081H         SYMBOL        SP
  C:1169H         SYMBOL        STARTUP1
  N:0000H         SYMBOL        XBPSTACK
  N:0000H         SYMBOL        XBPSTACKTOP
  N:0000H         SYMBOL        XDATALEN
BL51 BANKED LINKER/LOCATER V6.22                                                      10/19/2019  19:28:37  PAGE 5


  N:0000H         SYMBOL        XDATASTART
  C:0000H         LINE#         126
  C:1169H         LINE#         133
  C:116BH         LINE#         134
  C:116CH         LINE#         135
  C:116DH         LINE#         136
  C:116FH         LINE#         185
  C:1172H         LINE#         196
  -------         ENDMOD        ?C_STARTUP

  -------         MODULE        RC522
  C:0000H         SYMBOL        _ICE_DUMMY_
  C:1175H         PUBLIC        PcdAntennaOff
  D:0080H         PUBLIC        P0
  D:0090H         PUBLIC        P1
  D:00A0H         PUBLIC        P2
  B:0090H.0       PUBLIC        MF522_NSS
  D:00B0H         PUBLIC        P3
  D:00C0H         PUBLIC        P4
  D:00C8H         PUBLIC        P5
  D:00E8H         PUBLIC        P6
  C:0DEDH         PUBLIC        _PcdRequest
  D:00F8H         PUBLIC        P7
  B:0090H.4       PUBLIC        MF522_RST
  C:0BAFH         PUBLIC        _CalulateCRC
  D:00A8H         PUBLIC        IE
  C:0D69H         PUBLIC        _PcdRead
  D:00B8H         PUBLIC        IP
  C:10FAH         PUBLIC        _ClearBitMask
  C:0FB5H         PUBLIC        PcdReset
  C:111BH         PUBLIC        PcdAntennaOn
  D:00D8H         PUBLIC        CCON
  C:0C42H         PUBLIC        _PcdWrite
  B:0090H.2       PUBLIC        MF522_SI
  B:0090H.3       PUBLIC        MF522_SO
  C:0CD7H         PUBLIC        _PcdAuthState
  D:0098H         PUBLIC        SCON
  C:102DH         PUBLIC        _delay_10ms
  D:0088H         PUBLIC        TCON
  C:0F39H         PUBLIC        _ReadRawRC
  C:0F7AH         PUBLIC        _WriteRawRC
  C:0A6BH         PUBLIC        _PcdAnticoll
  C:115CH         PUBLIC        _SetBitMask
  C:0638H         PUBLIC        _PcdComMF522
  C:0EE8H         PUBLIC        _M500PcdConfigISOType
  B:0090H.1       PUBLIC        MF522_SCK
  D:00D0H         PUBLIC        PSW
  C:0B0AH         PUBLIC        _PcdSelect
  -------         PROC          _PCDREQUEST
  X:000AH         SYMBOL        req_code
  X:000BH         SYMBOL        pTagType
  -------         DO            
  D:0007H         SYMBOL        status
  X:000EH         SYMBOL        unLen
  X:0010H         SYMBOL        ucComMF522Buf
  -------         ENDDO         
  C:0DEDH         LINE#         20
BL51 BANKED LINKER/LOCATER V6.22                                                      10/19/2019  19:28:37  PAGE 6


  C:0DF9H         LINE#         21
  C:0DF9H         LINE#         26
  C:0DFCH         LINE#         27
  C:0E03H         LINE#         33
  C:0E0AH         LINE#         35
  C:0E10H         LINE#         37
  C:0E34H         LINE#         41
  C:0E42H         LINE#         42
  C:0E42H         LINE#         43
  C:0E54H         LINE#         44
  C:0E69H         LINE#         45
  C:0E6BH         LINE#         47
  C:0E6DH         LINE#         49
  C:0E6DH         LINE#         50
  -------         ENDPROC       _PCDREQUEST
  -------         PROC          _PCDANTICOLL
  X:000AH         SYMBOL        pSnr
  -------         DO            
  X:000DH         SYMBOL        status
  D:0007H         SYMBOL        i
  X:000EH         SYMBOL        snr_check
  X:000FH         SYMBOL        unLen
  X:0011H         SYMBOL        ucComMF522Buf
  -------         ENDDO         
  C:0A6BH         LINE#         57
  C:0A75H         LINE#         58
  C:0A75H         LINE#         60
  C:0A78H         LINE#         65
  C:0A7BH         LINE#         66
  C:0A82H         LINE#         67
  C:0A89H         LINE#         69
  C:0A8EH         LINE#         70
  C:0A92H         LINE#         72
  C:0ABEH         LINE#         74
  C:0AC0H         LINE#         75
  C:0AC0H         LINE#         76
  C:0AC1H         LINE#         77
  C:0AC1H         LINE#         78
  C:0ADAH         LINE#         79
  C:0AE9H         LINE#         80
  C:0AEEH         LINE#         81
  C:0AFAH         LINE#         82
  C:0AFEH         LINE#         83
  C:0AFEH         LINE#         85
  C:0B05H         LINE#         86
  C:0B09H         LINE#         87
  -------         ENDPROC       _PCDANTICOLL
  -------         PROC          _PCDSELECT
  X:000AH         SYMBOL        pSnr
  -------         DO            
  D:0007H         SYMBOL        status
  D:0007H         SYMBOL        i
  X:000DH         SYMBOL        unLen
  X:000FH         SYMBOL        ucComMF522Buf
  -------         ENDDO         
  C:0B0AH         LINE#         94
  C:0B14H         LINE#         95
BL51 BANKED LINKER/LOCATER V6.22                                                      10/19/2019  19:28:37  PAGE 7


  C:0B14H         LINE#         101
  C:0B19H         LINE#         102
  C:0B1DH         LINE#         103
  C:0B21H         LINE#         104
  C:0B22H         LINE#         105
  C:0B22H         LINE#         106
  C:0B3BH         LINE#         107
  C:0B4DH         LINE#         108
  C:0B52H         LINE#         109
  C:0B6AH         LINE#         111
  C:0B6DH         LINE#         113
  C:0B95H         LINE#         115
  C:0BA3H         LINE#         116
  C:0BA6H         LINE#         118
  C:0BA8H         LINE#         120
  C:0BA8H         LINE#         121
  -------         ENDPROC       _PCDSELECT
  -------         PROC          _PCDAUTHSTATE
  D:0007H         SYMBOL        auth_mode
  D:0005H         SYMBOL        addr
  X:000CH         SYMBOL        pKey
  X:000FH         SYMBOL        pSnr
  -------         DO            
  X:0012H         SYMBOL        status
  X:0013H         SYMBOL        unLen
  D:0007H         SYMBOL        i
  X:0015H         SYMBOL        ucComMF522Buf
  -------         ENDDO         
  C:0CD7H         LINE#         133
  C:0CE1H         LINE#         134
  C:0CE1H         LINE#         139
  C:0CE5H         LINE#         140
  C:0CE8H         LINE#         141
  C:0CEAH         LINE#         142
  C:0D08H         LINE#         143
  C:0D0AH         LINE#         144
  C:0D28H         LINE#         148
  C:0D54H         LINE#         149
  C:0D5FH         LINE#         150
  C:0D64H         LINE#         152
  C:0D68H         LINE#         153
  -------         ENDPROC       _PCDAUTHSTATE
  -------         PROC          _PCDREAD
  D:0007H         SYMBOL        addr
  X:000AH         SYMBOL        pData
  -------         DO            
  D:0007H         SYMBOL        status
  X:000DH         SYMBOL        unLen
  D:0006H         SYMBOL        i
  X:000FH         SYMBOL        ucComMF522Buf
  -------         ENDDO         
  C:0D69H         LINE#         161
  C:0D73H         LINE#         162
  C:0D73H         LINE#         167
  C:0D78H         LINE#         168
  C:0D7BH         LINE#         169
  C:0D93H         LINE#         171
BL51 BANKED LINKER/LOCATER V6.22                                                      10/19/2019  19:28:37  PAGE 8


  C:0DBBH         LINE#         172
  C:0DC9H         LINE#         174
  C:0DC9H         LINE#         175
  C:0DCAH         LINE#         176
  C:0DEAH         LINE#         177
  C:0DEAH         LINE#         179
  C:0DECH         LINE#         181
  C:0DECH         LINE#         182
  -------         ENDPROC       _PCDREAD
  -------         PROC          _PCDWRITE
  D:0007H         SYMBOL        addr
  X:000AH         SYMBOL        pData
  -------         DO            
  D:0007H         SYMBOL        status
  X:000DH         SYMBOL        unLen
  D:0006H         SYMBOL        i
  X:000FH         SYMBOL        ucComMF522Buf
  -------         ENDDO         
  C:0C42H         LINE#         190
  C:0C4CH         LINE#         191
  C:0C4CH         LINE#         196
  C:0C51H         LINE#         197
  C:0C54H         LINE#         198
  C:0C66H         LINE#         200
  C:0C6BH         LINE#         202
  C:0C82H         LINE#         203
  C:0C84H         LINE#         205
  C:0C87H         LINE#         206
  C:0C87H         LINE#         208
  C:0C88H         LINE#         209
  C:0CA6H         LINE#         210
  C:0CB8H         LINE#         212
  C:0CBDH         LINE#         213
  C:0CD4H         LINE#         214
  C:0CD6H         LINE#         215
  C:0CD6H         LINE#         217
  C:0CD6H         LINE#         218
  -------         ENDPROC       _PCDWRITE
  -------         PROC          L?0127
  -------         ENDPROC       L?0127
  -------         PROC          _CALULATECRC
  X:0021H         SYMBOL        pIndata
  X:0024H         SYMBOL        len
  X:0025H         SYMBOL        pOutData
  -------         DO            
  X:0028H         SYMBOL        i
  D:0007H         SYMBOL        n
  -------         ENDDO         
  C:0BAFH         LINE#         246
  C:0BBCH         LINE#         247
  C:0BBCH         LINE#         249
  C:0BC3H         LINE#         250
  C:0BC6H         LINE#         251
  C:0BCDH         LINE#         252
  C:0BDDH         LINE#         253
  C:0BFCH         LINE#         254
  C:0C03H         LINE#         255
BL51 BANKED LINKER/LOCATER V6.22                                                      10/19/2019  19:28:37  PAGE 9


  C:0C08H         LINE#         257
  C:0C08H         LINE#         258
  C:0C0DH         LINE#         259
  C:0C12H         LINE#         260
  C:0C12H         LINE#         261
  C:0C19H         LINE#         262
  C:0C2CH         LINE#         263
  -------         ENDPROC       _CALULATECRC
  -------         PROC          PCDRESET
  C:0FB5H         LINE#         270
  C:0FB5H         LINE#         271
  C:0FB5H         LINE#         272
  C:0FB7H         LINE#         273
  C:0FB8H         LINE#         274
  C:0FBAH         LINE#         275
  C:0FBBH         LINE#         276
  C:0FBDH         LINE#         277
  C:0FBEH         LINE#         278
  C:0FC5H         LINE#         279
  C:0FC6H         LINE#         281
  C:0FCDH         LINE#         282
  C:0FD4H         LINE#         283
  C:0FDBH         LINE#         284
  C:0FE2H         LINE#         285
  C:0FE9H         LINE#         286
  C:0FF0H         LINE#         287
  C:0FF2H         LINE#         288
  -------         ENDPROC       PCDRESET
  -------         PROC          _M500PCDCONFIGISOTYPE
  D:0007H         SYMBOL        type
  C:0EE8H         LINE#         292
  C:0EE8H         LINE#         293
  C:0EE8H         LINE#         294
  C:0EEDH         LINE#         295
  C:0EEDH         LINE#         296
  C:0EF0H         LINE#         308
  C:0EF7H         LINE#         315
  C:0EFEH         LINE#         320
  C:0F05H         LINE#         325
  C:0F0CH         LINE#         326
  C:0F13H         LINE#         327
  C:0F1AH         LINE#         328
  C:0F21H         LINE#         332
  C:0F28H         LINE#         333
  C:0F2BH         LINE#         334
  C:0F2DH         LINE#         335
  C:0F30H         LINE#         337
  C:0F32H         LINE#         338
  -------         ENDPROC       _M500PCDCONFIGISOTYPE
  -------         PROC          L?0128
  -------         ENDPROC       L?0128
  -------         PROC          _READRAWRC
  D:0007H         SYMBOL        Address
  -------         DO            
  D:0005H         SYMBOL        i
  D:0007H         SYMBOL        ucAddr
  D:0006H         SYMBOL        ucResult
BL51 BANKED LINKER/LOCATER V6.22                                                      10/19/2019  19:28:37  PAGE 10


  -------         ENDDO         
  C:0F39H         LINE#         344
  C:0F39H         LINE#         345
  C:0F39H         LINE#         347
  C:0F3BH         LINE#         349
  C:0F3DH         LINE#         350
  C:0F3FH         LINE#         351
  C:0F47H         LINE#         353
  C:0F49H         LINE#         354
  C:0F49H         LINE#         355
  C:0F53H         LINE#         356
  C:0F55H         LINE#         357
  C:0F59H         LINE#         358
  C:0F5BH         LINE#         359
  C:0F5DH         LINE#         361
  C:0F5FH         LINE#         362
  C:0F5FH         LINE#         363
  C:0F61H         LINE#         364
  C:0F65H         LINE#         365
  C:0F6BH         LINE#         366
  C:0F6DH         LINE#         367
  C:0F6FH         LINE#         369
  C:0F71H         LINE#         370
  C:0F73H         LINE#         371
  C:0F75H         LINE#         372
  -------         ENDPROC       _READRAWRC
  C:0F76H         SYMBOL        L?0126
  -------         PROC          L?0125
  -------         ENDPROC       L?0125
  C:0F76H         SYMBOL        L?0126
  -------         PROC          _WRITERAWRC
  D:0007H         SYMBOL        Address
  D:0005H         SYMBOL        value
  -------         DO            
  D:0006H         SYMBOL        i
  D:0007H         SYMBOL        ucAddr
  -------         ENDDO         
  C:0F7AH         LINE#         379
  C:0F7AH         LINE#         380
  C:0F7AH         LINE#         383
  C:0F7CH         LINE#         384
  C:0F7EH         LINE#         385
  C:0F84H         LINE#         387
  C:0F86H         LINE#         388
  C:0F86H         LINE#         389
  C:0F90H         LINE#         390
  C:0F92H         LINE#         391
  C:0F96H         LINE#         392
  C:0F98H         LINE#         393
  C:0F9AH         LINE#         395
  C:0F9CH         LINE#         396
  C:0F9CH         LINE#         397
  C:0FA6H         LINE#         398
  C:0FA8H         LINE#         399
  C:0FACH         LINE#         400
  C:0FAEH         LINE#         401
  C:0FB0H         LINE#         402
BL51 BANKED LINKER/LOCATER V6.22                                                      10/19/2019  19:28:37  PAGE 11


  C:0FB2H         LINE#         403
  C:0FB4H         LINE#         404
  -------         ENDPROC       _WRITERAWRC
  -------         PROC          _SETBITMASK
  D:0004H         SYMBOL        reg
  D:0003H         SYMBOL        mask
  -------         DO            
  D:0006H         SYMBOL        tmp
  -------         ENDDO         
  C:115CH         LINE#         411
  C:115CH         LINE#         412
  C:115CH         LINE#         413
  C:115CH         LINE#         414
  C:1161H         LINE#         415
  -------         ENDPROC       _SETBITMASK
  C:10F6H         SYMBOL        L?0124
  -------         PROC          L?0123
  -------         ENDPROC       L?0123
  C:10F6H         SYMBOL        L?0124
  -------         PROC          _CLEARBITMASK
  D:0004H         SYMBOL        reg
  D:0003H         SYMBOL        mask
  -------         DO            
  D:0006H         SYMBOL        tmp
  -------         ENDDO         
  C:10FAH         LINE#         423
  C:10FAH         LINE#         424
  C:10FAH         LINE#         425
  C:10FAH         LINE#         426
  C:10FFH         LINE#         427
  -------         ENDPROC       _CLEARBITMASK
  C:0634H         SYMBOL        L?0122
  -------         PROC          L?0121
  -------         ENDPROC       L?0121
  C:0634H         SYMBOL        L?0122
  -------         PROC          _PCDCOMMF522
  X:0027H         SYMBOL        Command
  X:0028H         SYMBOL        pInData
  X:002BH         SYMBOL        InLenByte
  X:002CH         SYMBOL        pOutData
  X:002FH         SYMBOL        pOutLenBit
  -------         DO            
  X:0032H         SYMBOL        status
  X:0033H         SYMBOL        irqEn
  X:0034H         SYMBOL        waitFor
  D:0005H         SYMBOL        lastBits
  X:0035H         SYMBOL        n
  X:0036H         SYMBOL        i
  -------         ENDDO         
  C:0638H         LINE#         438
  C:0646H         LINE#         443
  C:0646H         LINE#         444
  C:064BH         LINE#         445
  C:064EH         LINE#         446
  C:0650H         LINE#         450
  C:0659H         LINE#         451
  C:0659H         LINE#         452
BL51 BANKED LINKER/LOCATER V6.22                                                      10/19/2019  19:28:37  PAGE 12


  C:0659H         LINE#         453
  C:065EH         LINE#         454
  C:0662H         LINE#         455
  C:0664H         LINE#         456
  C:0664H         LINE#         457
  C:0669H         LINE#         458
  C:066DH         LINE#         459
  C:066DH         LINE#         460
  C:066DH         LINE#         461
  C:066DH         LINE#         462
  C:066DH         LINE#         464
  C:0678H         LINE#         465
  C:067FH         LINE#         466
  C:0682H         LINE#         467
  C:0689H         LINE#         469
  C:06A1H         LINE#         470
  C:06C5H         LINE#         471
  C:06CEH         LINE#         474
  C:06D2H         LINE#         475
  C:06D9H         LINE#         478
  C:06E2H         LINE#         480
  C:06E2H         LINE#         481
  C:06EBH         LINE#         482
  C:06F6H         LINE#         483
  C:06F6H         LINE#         484
  C:070CH         LINE#         485
  C:0713H         LINE#         487
  C:071FH         LINE#         488
  C:071FH         LINE#         489
  C:072CH         LINE#         490
  C:072CH         LINE#         491
  C:072FH         LINE#         492
  C:0739H         LINE#         493
  C:073EH         LINE#         494
  C:0748H         LINE#         495
  C:0748H         LINE#         496
  C:0751H         LINE#         497
  C:075AH         LINE#         498
  C:075CH         LINE#         499
  C:0781H         LINE#         501
  C:079AH         LINE#         502
  C:079FH         LINE#         503
  C:07A1H         LINE#         504
  C:07A9H         LINE#         505
  C:07ACH         LINE#         506
  C:07C1H         LINE#         507
  C:07EBH         LINE#         508
  C:07EBH         LINE#         509
  C:07EBH         LINE#         511
  C:07F0H         LINE#         513
  C:07F0H         LINE#         516
  C:07F7H         LINE#         517
  C:07FAH         LINE#         518
  C:07FEH         LINE#         519
  -------         ENDPROC       _PCDCOMMF522
  -------         PROC          PCDANTENNAON
  -------         DO            
BL51 BANKED LINKER/LOCATER V6.22                                                      10/19/2019  19:28:37  PAGE 13


  D:0007H         SYMBOL        i
  -------         ENDDO         
  C:111BH         LINE#         526
  C:111BH         LINE#         527
  C:111BH         LINE#         529
  C:1120H         LINE#         530
  C:1125H         LINE#         531
  C:1125H         LINE#         532
  C:112CH         LINE#         533
  C:112CH         LINE#         534
  -------         ENDPROC       PCDANTENNAON
  -------         PROC          PCDANTENNAOFF
  C:1175H         LINE#         540
  C:1175H         LINE#         541
  C:1175H         LINE#         542
  -------         ENDPROC       PCDANTENNAOFF
  -------         PROC          _DELAY_10MS
  D:0006H         SYMBOL        _10ms
  -------         DO            
  D:0004H         SYMBOL        delay_10ms_count
  -------         DO            
  X:000AH         SYMBOL        i
  X:000BH         SYMBOL        j
  -------         ENDDO         
  -------         ENDDO         
  C:102DH         LINE#         549
  C:102DH         LINE#         550
  C:102DH         LINE#         552
  C:1037H         LINE#         553
  C:1037H         LINE#         556
  C:103CH         LINE#         557
  C:1040H         LINE#         559
  C:1040H         LINE#         560
  C:1047H         LINE#         561
  C:104EH         LINE#         562
  C:1055H         LINE#         563
  -------         ENDPROC       _DELAY_10MS
  -------         ENDMOD        RC522

  -------         MODULE        MAIN
  C:0000H         SYMBOL        _ICE_DUMMY_
  D:0080H         PUBLIC        P0
  D:0090H         PUBLIC        P1
  D:00A0H         PUBLIC        P2
  D:00B0H         PUBLIC        P3
  D:00C0H         PUBLIC        P4
  D:00C8H         PUBLIC        P5
  D:00E8H         PUBLIC        P6
  D:00F8H         PUBLIC        P7
  D:0008H         PUBLIC        SerBuffer
  I:0021H         PUBLIC        RevBuffer
  D:00A8H         PUBLIC        IE
  D:00B8H         PUBLIC        IP
  B:00B0H.2       PUBLIC        KEY1
  B:00B0H.3       PUBLIC        KEY2
  B:00B0H.4       PUBLIC        KEY3
  B:00B0H.5       PUBLIC        KEY4
BL51 BANKED LINKER/LOCATER V6.22                                                      10/19/2019  19:28:37  PAGE 14


  C:10B9H         PUBLIC        InitializeSystem
  D:00D8H         PUBLIC        CCON
  C:0003H         PUBLIC        main
  D:0098H         PUBLIC        SCON
  D:0088H         PUBLIC        TCON
  C:0E79H         PUBLIC        _LCD12864_Display_num
  I:0031H         PUBLIC        MLastSelectedSnr
  C:10D7H         PUBLIC        key_scan
  C:09B9H         PUBLIC        _Rx_Data_Parsing
  C:0FF3H         PUBLIC        Tx_Data_Parsing
  C:09B3H         PUBLIC        DefaultKey
  D:00D0H         PUBLIC        PSW
  X:0000H         PUBLIC        User_Data
  -------         PROC          INITIALIZESYSTEM
  C:10B9H         LINE#         19
  C:10B9H         LINE#         20
  C:10B9H         LINE#         21
  C:10C2H         LINE#         24
  C:10C5H         LINE#         25
  C:10C8H         LINE#         26
  C:10CBH         LINE#         27
  C:10D0H         LINE#         28
  -------         ENDPROC       INITIALIZESYSTEM
  -------         PROC          L?0084
  -------         ENDPROC       L?0084
  -------         PROC          _LCD12864_DISPLAY_NUM
  X:000AH         SYMBOL        x
  X:000BH         SYMBOL        y
  D:0002H         SYMBOL        z
  -------         DO            
  X:000CH         SYMBOL        display_code
  -------         ENDDO         
  C:0E79H         LINE#         33
  C:0E80H         LINE#         37
  C:0E91H         LINE#         38
  C:0EA9H         LINE#         39
  C:0EC1H         LINE#         40
  C:0ED2H         LINE#         41
  C:0ED5H         LINE#         42
  C:0EDFH         LINE#         43
  -------         ENDPROC       _LCD12864_DISPLAY_NUM
  -------         PROC          _RX_DATA_PARSING
  D:0001H         SYMBOL        Rx_Data
  C:09B9H         LINE#         47
  C:09B9H         LINE#         48
  C:09C4H         LINE#         49
  C:09CCH         LINE#         50
  C:09E3H         LINE#         52
  C:09F1H         LINE#         53
  C:09F9H         LINE#         54
  C:0A10H         LINE#         56
  C:0A1EH         LINE#         57
  C:0A26H         LINE#         58
  C:0A3DH         LINE#         60
  C:0A4BH         LINE#         61
  C:0A53H         LINE#         62
  C:0A6AH         LINE#         63
BL51 BANKED LINKER/LOCATER V6.22                                                      10/19/2019  19:28:37  PAGE 15


  -------         ENDPROC       _RX_DATA_PARSING
  -------         PROC          TX_DATA_PARSING
  C:0FF3H         LINE#         65
  C:0FF3H         LINE#         67
  C:0FFFH         LINE#         68
  C:1002H         LINE#         70
  C:100DH         LINE#         71
  C:1010H         LINE#         73
  C:101BH         LINE#         74
  C:101EH         LINE#         76
  C:1029H         LINE#         77
  C:102CH         LINE#         79
  -------         ENDPROC       TX_DATA_PARSING
  -------         PROC          KEY_SCAN
  -------         DO            
  D:0007H         SYMBOL        key_value
  -------         ENDDO         
  C:10D7H         LINE#         81
  C:10D7H         LINE#         82
  C:10D8H         LINE#         83
  C:10DBH         LINE#         84
  C:10DEH         LINE#         86
  C:10E3H         LINE#         87
  C:10E6H         LINE#         89
  C:10EBH         LINE#         90
  C:10EEH         LINE#         92
  C:10F4H         LINE#         94
  C:10F4H         LINE#         95
  -------         ENDPROC       KEY_SCAN
  -------         PROC          MAIN
  -------         DO            
  X:0008H         SYMBOL        count_for
  X:0009H         SYMBOL        key_state
  B:0020H.0       SYMBOL        set_flag
  -------         ENDDO         
  C:0003H         LINE#         96
  C:0003H         LINE#         97
  C:0003H         LINE#         99
  C:0007H         LINE#         100
  C:000AH         LINE#         101
  C:000CH         LINE#         102
  C:000FH         LINE#         103
  C:0012H         LINE#         104
  C:0019H         LINE#         105
  C:0022H         LINE#         106
  C:0029H         LINE#         107
  C:0032H         LINE#         108
  C:0039H         LINE#         109
  C:0042H         LINE#         110
  C:0049H         LINE#         111
  C:0052H         LINE#         112
  C:0058H         LINE#         113
  C:005CH         LINE#         114
  C:0060H         LINE#         115
  C:0064H         LINE#         117
  C:0064H         LINE#         118
  C:0064H         LINE#         119
BL51 BANKED LINKER/LOCATER V6.22                                                      10/19/2019  19:28:37  PAGE 16


  C:0072H         LINE#         121
  C:0072H         LINE#         122
  C:0072H         LINE#         123
  C:0075H         LINE#         124
  C:007BH         LINE#         125
  C:0084H         LINE#         126
  C:008BH         LINE#         127
  C:0094H         LINE#         128
  C:009BH         LINE#         129
  C:00A4H         LINE#         130
  C:00ABH         LINE#         131
  C:00B4H         LINE#         133
  C:00B4H         LINE#         134
  C:00BBH         LINE#         135
  C:00BDH         LINE#         136
  C:00C8H         LINE#         137
  C:00C8H         LINE#         138
  C:00C8H         LINE#         139
  C:00C8H         LINE#         140
  C:00D6H         LINE#         141
  C:00D9H         LINE#         142
  C:00E7H         LINE#         143
  C:00F5H         LINE#         145
  C:0112H         LINE#         146
  C:0118H         LINE#         147
  C:0125H         LINE#         148
  C:012BH         LINE#         149
  C:0136H         LINE#         150
  C:0145H         LINE#         151
  C:014CH         LINE#         152
  C:0157H         LINE#         153
  C:0160H         LINE#         154
  C:0167H         LINE#         155
  C:016AH         LINE#         156
  C:0170H         LINE#         157
  C:0172H         LINE#         158
  C:0175H         LINE#         159
  C:017EH         LINE#         160
  C:017EH         LINE#         161
  C:0185H         LINE#         162
  C:018EH         LINE#         163
  C:0195H         LINE#         164
  C:019EH         LINE#         165
  C:01A5H         LINE#         166
  C:01AEH         LINE#         167
  C:01B9H         LINE#         168
  C:01BCH         LINE#         169
  C:01C2H         LINE#         170
  C:01CFH         LINE#         171
  C:01D5H         LINE#         172
  C:01E0H         LINE#         173
  C:01EFH         LINE#         174
  C:01F6H         LINE#         175
  C:0201H         LINE#         176
  C:020AH         LINE#         177
  C:0211H         LINE#         178
  C:0214H         LINE#         179
BL51 BANKED LINKER/LOCATER V6.22                                                      10/19/2019  19:28:37  PAGE 17


  C:021AH         LINE#         180
  C:021CH         LINE#         181
  C:021FH         LINE#         182
  C:0228H         LINE#         183
  C:0228H         LINE#         184
  C:022FH         LINE#         185
  C:0238H         LINE#         186
  C:023FH         LINE#         187
  C:0248H         LINE#         188
  C:024FH         LINE#         189
  C:0258H         LINE#         190
  C:0263H         LINE#         191
  C:0266H         LINE#         192
  C:026CH         LINE#         193
  C:0279H         LINE#         194
  C:027FH         LINE#         195
  C:028AH         LINE#         196
  C:0299H         LINE#         197
  C:02A0H         LINE#         198
  C:02ABH         LINE#         199
  C:02B4H         LINE#         200
  C:02BBH         LINE#         201
  C:02BEH         LINE#         202
  C:02C4H         LINE#         203
  C:02C6H         LINE#         204
  C:02C9H         LINE#         205
  C:02D2H         LINE#         206
  C:02D2H         LINE#         207
  C:02D9H         LINE#         208
  C:02E2H         LINE#         209
  C:02E9H         LINE#         210
  C:02F2H         LINE#         211
  C:02F9H         LINE#         212
  C:0302H         LINE#         213
  C:030DH         LINE#         214
  C:0310H         LINE#         215
  C:0316H         LINE#         216
  C:0323H         LINE#         217
  C:0329H         LINE#         218
  C:0334H         LINE#         219
  C:0343H         LINE#         220
  C:034AH         LINE#         221
  C:0355H         LINE#         222
  C:035EH         LINE#         223
  C:0365H         LINE#         224
  C:0368H         LINE#         225
  C:036EH         LINE#         226
  C:0370H         LINE#         227
  C:0373H         LINE#         228
  C:037CH         LINE#         229
  C:037CH         LINE#         230
  C:0383H         LINE#         231
  C:038CH         LINE#         232
  C:0393H         LINE#         233
  C:039CH         LINE#         234
  C:03A3H         LINE#         235
  C:03ACH         LINE#         236
BL51 BANKED LINKER/LOCATER V6.22                                                      10/19/2019  19:28:37  PAGE 18


  C:03BAH         LINE#         237
  C:03BAH         LINE#         238
  C:03BAH         LINE#         239
  C:03BAH         LINE#         240
  C:03C5H         LINE#         241
  C:03C5H         LINE#         242
  C:03CBH         LINE#         243
  C:03CEH         LINE#         244
  C:03CEH         LINE#         245
  C:03D1H         LINE#         247
  C:03D4H         LINE#         248
  C:03DAH         LINE#         249
  C:03E3H         LINE#         250
  C:03EAH         LINE#         251
  C:03F3H         LINE#         252
  C:03FAH         LINE#         253
  C:0403H         LINE#         256
  C:0411H         LINE#         257
  C:041DH         LINE#         258
  C:0429H         LINE#         259
  C:0445H         LINE#         260
  C:0448H         LINE#         261
  C:0456H         LINE#         263
  C:0459H         LINE#         264
  C:045FH         LINE#         265
  C:0468H         LINE#         266
  C:046FH         LINE#         267
  C:0472H         LINE#         268
  C:0479H         LINE#         269
  C:0482H         LINE#         270
  C:0489H         LINE#         271
  C:0492H         LINE#         272
  C:0499H         LINE#         273
  C:04A2H         LINE#         274
  C:04A9H         LINE#         275
  C:04B2H         LINE#         276
  C:04B5H         LINE#         277
  C:04B5H         LINE#         278
  C:04B5H         LINE#         280
  C:04B5H         LINE#         281
  C:04B8H         LINE#         282
  C:04BEH         LINE#         283
  C:04C7H         LINE#         284
  C:04CEH         LINE#         285
  C:04D7H         LINE#         286
  C:04DEH         LINE#         287
  C:04E7H         LINE#         290
  C:04F5H         LINE#         291
  C:0501H         LINE#         292
  C:050DH         LINE#         293
  C:0529H         LINE#         294
  C:0537H         LINE#         295
  C:053AH         LINE#         296
  C:0540H         LINE#         297
  C:0549H         LINE#         298
  C:0550H         LINE#         299
  C:0559H         LINE#         300
BL51 BANKED LINKER/LOCATER V6.22                                                      10/19/2019  19:28:37  PAGE 19


  C:055CH         LINE#         301
  C:0562H         LINE#         302
  C:056BH         LINE#         303
  C:0572H         LINE#         304
  C:057BH         LINE#         305
  C:0582H         LINE#         306
  C:058BH         LINE#         307
  C:0592H         LINE#         308
  C:059BH         LINE#         309
  C:05A9H         LINE#         310
  C:05ACH         LINE#         311
  C:05BAH         LINE#         312
  C:05C8H         LINE#         313
  C:05CFH         LINE#         314
  C:05D2H         LINE#         315
  C:05D9H         LINE#         316
  C:05E2H         LINE#         317
  C:05E9H         LINE#         318
  C:05F2H         LINE#         319
  C:05F9H         LINE#         320
  C:0602H         LINE#         321
  C:0609H         LINE#         322
  C:0612H         LINE#         323
  -------         ENDPROC       MAIN
  -------         ENDMOD        MAIN

  -------         MODULE        LCD12864
  C:0000H         SYMBOL        _ICE_DUMMY_
  D:0080H         PUBLIC        P0
  D:0090H         PUBLIC        P1
  D:00A0H         PUBLIC        P2
  D:00B0H         PUBLIC        P3
  D:00C0H         PUBLIC        P4
  C:1079H         PUBLIC        _delay_1ms
  D:00C8H         PUBLIC        P5
  D:00E8H         PUBLIC        P6
  D:00F8H         PUBLIC        P7
  D:00A8H         PUBLIC        IE
  D:00B8H         PUBLIC        IP
  D:00D8H         PUBLIC        CCON
  D:0098H         PUBLIC        SCON
  D:0088H         PUBLIC        TCON
  C:113EH         PUBLIC        _write_cmd
  B:00A0H.2       PUBLIC        LCD_EN
  C:114DH         PUBLIC        _write_dat
  C:1099H         PUBLIC        lcd_init
  B:00A0H.0       PUBLIC        LCD_RS
  C:112DH         PUBLIC        lcd_busy
  B:00A0H.1       PUBLIC        LCD_RW
  C:1056H         PUBLIC        _lcd_pos
  C:1108H         PUBLIC        _write_str
  D:00D0H         PUBLIC        PSW
  -------         PROC          _DELAY_1MS
  D:0006H         SYMBOL        x
  -------         DO            
  D:0002H         SYMBOL        i
  D:0004H         SYMBOL        j
BL51 BANKED LINKER/LOCATER V6.22                                                      10/19/2019  19:28:37  PAGE 20


  -------         ENDDO         
  C:1079H         LINE#         9
  C:1079H         LINE#         10
  C:1079H         LINE#         12
  C:1083H         LINE#         13
  C:1098H         LINE#         14
  -------         ENDPROC       _DELAY_1MS
  -------         PROC          LCD_BUSY
  C:112DH         LINE#         22
  C:112DH         LINE#         23
  C:112DH         LINE#         24
  C:1130H         LINE#         25
  C:1132H         LINE#         26
  C:1134H         LINE#         27
  C:1136H         LINE#         28
  C:113BH         LINE#         29
  C:113DH         LINE#         30
  -------         ENDPROC       LCD_BUSY
  -------         PROC          _WRITE_CMD
  D:0007H         SYMBOL        cmd
  C:113EH         LINE#         37
  C:113EH         LINE#         38
  C:113EH         LINE#         39
  C:1141H         LINE#         40
  C:1143H         LINE#         41
  C:1145H         LINE#         42
  C:1147H         LINE#         43
  C:1149H         LINE#         44
  C:114AH         LINE#         45
  C:114CH         LINE#         46
  -------         ENDPROC       _WRITE_CMD
  -------         PROC          _WRITE_DAT
  D:0007H         SYMBOL        dat
  C:114DH         LINE#         53
  C:114DH         LINE#         54
  C:114DH         LINE#         55
  C:1150H         LINE#         56
  C:1152H         LINE#         57
  C:1154H         LINE#         58
  C:1156H         LINE#         59
  C:1158H         LINE#         60
  C:1159H         LINE#         61
  C:115BH         LINE#         62
  -------         ENDPROC       _WRITE_DAT
  -------         PROC          _LCD_POS
  D:0007H         SYMBOL        X
  D:0005H         SYMBOL        Y
  -------         DO            
  D:0007H         SYMBOL        pos
  -------         ENDDO         
  C:1056H         LINE#         69
  C:1056H         LINE#         70
  C:1056H         LINE#         71
  C:1059H         LINE#         72
  C:105DH         LINE#         73
  C:1061H         LINE#         74
  C:1065H         LINE#         75
BL51 BANKED LINKER/LOCATER V6.22                                                      10/19/2019  19:28:37  PAGE 21


  C:1069H         LINE#         76
  C:106DH         LINE#         77
  C:1071H         LINE#         78
  C:1073H         LINE#         79
  C:1076H         LINE#         82
  -------         ENDPROC       _LCD_POS
  -------         PROC          _WRITE_STR
  D:0001H         SYMBOL        c
  C:1108H         LINE#         90
  C:1108H         LINE#         91
  C:1108H         LINE#         92
  C:110EH         LINE#         93
  C:110EH         LINE#         94
  C:1111H         LINE#         95
  C:1118H         LINE#         96
  C:111AH         LINE#         97
  -------         ENDPROC       _WRITE_STR
  -------         PROC          LCD_INIT
  C:1099H         LINE#         104
  C:1099H         LINE#         105
  C:1099H         LINE#         106
  C:109EH         LINE#         107
  C:10A5H         LINE#         108
  C:10AAH         LINE#         109
  C:10AFH         LINE#         110
  C:10B4H         LINE#         111
  -------         ENDPROC       LCD_INIT
  -------         ENDMOD        LCD12864

  -------         MODULE        ?C?CLDPTR
  C:07FFH         PUBLIC        ?C?CLDPTR
  -------         ENDMOD        ?C?CLDPTR

  -------         MODULE        ?C?CLDOPTR
  C:0818H         PUBLIC        ?C?CLDOPTR
  -------         ENDMOD        ?C?CLDOPTR

  -------         MODULE        ?C?CSTPTR
  C:0845H         PUBLIC        ?C?CSTPTR
  -------         ENDMOD        ?C?CSTPTR

  -------         MODULE        ?C?CSTOPTR
  C:0857H         PUBLIC        ?C?CSTOPTR
  -------         ENDMOD        ?C?CSTOPTR

  -------         MODULE        ?C?UIDIV
  C:0879H         PUBLIC        ?C?UIDIV
  -------         ENDMOD        ?C?UIDIV

  -------         MODULE        ?C?ISTPTR
  C:08CEH         PUBLIC        ?C?ISTPTR
  -------         ENDMOD        ?C?ISTPTR

Program Size: data=45.1 xdata=56 code=4476
LINK/LOCATE RUN COMPLETE.  0 WARNING(S),  0 ERROR(S)
