BL51 BANKED LINKER/LOCATER V6.22                                                        11/10/2019  17:01:50  PAGE 1


BL51 BANKED LINKER/LOCATER V6.22, INVOKED BY:
D:\PROGRAM FILES (X86)\KEIL\C51\BIN\BL51.EXE STARTUP.obj, RC522.obj, MAIN.obj, oled.obj TO test RAMSIZE (256)


MEMORY MODEL: COMPACT


INPUT MODULES INCLUDED:
  STARTUP.obj (?C_STARTUP)
  RC522.obj (RC522)
  MAIN.obj (MAIN)
  oled.obj (OLED)
  D:\PROGRAM FILES (X86)\KEIL\C51\LIB\C51C.LIB (?C?CLDPTR)
  D:\PROGRAM FILES (X86)\KEIL\C51\LIB\C51C.LIB (?C?CLDOPTR)
  D:\PROGRAM FILES (X86)\KEIL\C51\LIB\C51C.LIB (?C?CSTPTR)
  D:\PROGRAM FILES (X86)\KEIL\C51\LIB\C51C.LIB (?C?CSTOPTR)
  D:\PROGRAM FILES (X86)\KEIL\C51\LIB\C51C.LIB (?C?IMUL)
  D:\PROGRAM FILES (X86)\KEIL\C51\LIB\C51C.LIB (?C?UIDIV)
  D:\PROGRAM FILES (X86)\KEIL\C51\LIB\C51C.LIB (?C?SIDIV)
  D:\PROGRAM FILES (X86)\KEIL\C51\LIB\C51C.LIB (?C?ISTPTR)


LINK MAP OF MODULE:  test (?C_STARTUP)


            TYPE    BASE      LENGTH    RELOCATION   SEGMENT NAME
            -----------------------------------------------------

            * * * * * * *   D A T A   M E M O R Y   * * * * * * *
            REG     0000H     0008H     ABSOLUTE     "REG BANK 0"
            DATA    0008H     0010H     UNIT         ?DT?MAIN
                    0018H     0008H                  *** GAP ***
            BIT     0020H.0   0000H.1   UNIT         _BIT_GROUP_
                    0020H.1   0000H.7                *** GAP ***
            IDATA   0021H     0014H     UNIT         ?ID?MAIN
            IDATA   0035H     0001H     UNIT         ?STACK

            * * * * * * *  X D A T A   M E M O R Y  * * * * * * *
            XDATA   0000H     0006H     INPAGE       ?PD?MAIN
            XDATA   0006H     0002H     INPAGE       ?PD?_FILL_PICTURE?OLED
            XDATA   0008H     0001H     INPAGE       ?PD?OLED_ON?OLED
            XDATA   0009H     0004H     INPAGE       ?PD?_OLED_SHOWCHINESE?OLED
            XDATA   000DH     000BH     INPAGE       ?PD?_OLED_DRAWBMP?OLED
            XDATA   0018H     0030H     INPAGE       _PDATA_GROUP_

            * * * * * * *   C O D E   M E M O R Y   * * * * * * *
            CODE    0000H     0003H     ABSOLUTE     
            CODE    0003H     09D8H     UNIT         ?CO?OLED
            CODE    09DBH     05D3H     UNIT         ?PR?MAIN?MAIN
            CODE    0FAEH     01EAH     UNIT         ?PR?_PCDCOMMF522?RC522
            CODE    1198H     0136H     UNIT         ?C?LIB_CODE
            CODE    12CEH     00E0H     UNIT         ?PR?OLED_INIT?OLED
            CODE    13AEH     00CDH     UNIT         ?CO?MAIN
            CODE    147BH     00C3H     UNIT         ?PR?_OLED_SHOWCHAR?OLED
            CODE    153EH     00A9H     UNIT         ?PR?_OLED_SHOWNUM?OLED
            CODE    15E7H     009FH     UNIT         ?PR?_PCDANTICOLL?RC522
            CODE    1686H     009FH     UNIT         ?PR?_PCDSELECT?RC522
            CODE    1725H     0099H     UNIT         ?PR?_CALULATECRC?RC522
BL51 BANKED LINKER/LOCATER V6.22                                                      11/10/2019  17:01:50  PAGE 2


            CODE    17BEH     0095H     UNIT         ?PR?_PCDWRITE?RC522
            CODE    1853H     0092H     UNIT         ?PR?_PCDAUTHSTATE?RC522
            CODE    18E5H     0087H     UNIT         ?PR?_OLED_DRAWBMP?OLED
            CODE    196CH     0085H     UNIT         ?PR?_RX_DATA_PARSING?MAIN
            CODE    19F1H     0084H     UNIT         ?PR?_PCDREAD?RC522
            CODE    1A75H     0082H     UNIT         ?PR?_OLED_SHOWCHINESE?OLED
            CODE    1AF7H     0081H     UNIT         ?PR?_PCDREQUEST?RC522
            CODE    1B78H     0057H     UNIT         ?PR?_OLED_SHOWSTRING?OLED
            CODE    1BCFH     004BH     UNIT         ?PR?_M500PCDCONFIGISOTYPE?RC522
            CODE    1C1AH     0043H     UNIT         ?PR?_READRAWRC?RC522
            CODE    1C5DH     003FH     UNIT         ?PR?_WRITERAWRC?RC522
            CODE    1C9CH     003EH     UNIT         ?PR?PCDRESET?RC522
            CODE    1CDAH     0033H     UNIT         ?PR?_OLED_SET_POS?OLED
            CODE    1D0DH     002CH     UNIT         ?PR?TX_DATA_PARSING?MAIN
            CODE    1D39H     002CH     UNIT         ?PR?_OLED_WR_BYTE?OLED
            CODE    1D65H     002AH     UNIT         ?PR?_FILL_PICTURE?OLED
            CODE    1D8FH     0029H     UNIT         ?PR?_DELAY_10MS?RC522
            CODE    1DB8H     0027H     UNIT         ?PR?_WRITE_IIC_BYTE?OLED
            CODE    1DDFH     0025H     UNIT         ?PR?OLED_ON?OLED
            CODE    1E04H     0024H     UNIT         ?PR?OLED_CLEAR?OLED
            CODE    1E28H     001EH     UNIT         ?PR?_DELAY_50MS?OLED
            CODE    1E46H     001DH     UNIT         ?PR?KEY_SCAN?MAIN
            CODE    1E63H     001CH     UNIT         ?PR?_OLED_POW?OLED
            CODE    1E7FH     001AH     UNIT         ?PR?_DELAY_MS?OLED
            CODE    1E99H     0017H     UNIT         ?PR?INITIALIZESYSTEM?MAIN
            CODE    1EB0H     0017H     UNIT         ?PR?OLED_DISPLAY_ON?OLED
            CODE    1EC7H     0016H     UNIT         ?PR?_DELAY_1MS?OLED
            CODE    1EDDH     0013H     UNIT         ?PR?_CLEARBITMASK?RC522
            CODE    1EF0H     0012H     UNIT         ?PR?PCDANTENNAON?RC522
            CODE    1F02H     0011H     UNIT         ?PR?OLED_DISPLAY_OFF?OLED
            CODE    1F13H     0010H     UNIT         ?PR?IIC_WAIT_ACK?OLED
            CODE    1F23H     000EH     UNIT         ?PR?_WRITE_IIC_COMMAND?OLED
            CODE    1F31H     000EH     UNIT         ?PR?_WRITE_IIC_DATA?OLED
            CODE    1F3FH     000DH     UNIT         ?PR?_SETBITMASK?RC522
            CODE    1F4CH     000CH     UNIT         ?C_C51STARTUP
            CODE    1F58H     0009H     UNIT         ?PR?IIC_START?OLED
            CODE    1F61H     0007H     UNIT         ?PR?PCDANTENNAOFF?RC522
            CODE    1F68H     0007H     UNIT         ?PR?IIC_STOP?OLED



OVERLAY MAP OF MODULE:   test (?C_STARTUP)


SEGMENT                                    BIT_GROUP          PDATA_GROUP
  +--> CALLED SEGMENT                   START    LENGTH     START    LENGTH
---------------------------------------------------------------------------
?C_C51STARTUP                           -----    -----      -----    -----
  +--> ?PR?MAIN?MAIN

?PR?MAIN?MAIN                           0020H.0  0000H.1    0018H    0002H
  +--> ?PR?INITIALIZESYSTEM?MAIN
  +--> ?PR?OLED_INIT?OLED
  +--> ?PR?OLED_CLEAR?OLED
  +--> ?CO?MAIN
  +--> ?PR?_OLED_SHOWSTRING?OLED
  +--> ?PR?KEY_SCAN?MAIN
BL51 BANKED LINKER/LOCATER V6.22                                                      11/10/2019  17:01:50  PAGE 3


  +--> ?PR?_OLED_SHOWNUM?OLED
  +--> ?PR?_DELAY_MS?OLED
  +--> ?PR?_PCDREQUEST?RC522
  +--> ?PR?_PCDANTICOLL?RC522
  +--> ?PR?_PCDSELECT?RC522
  +--> ?PR?_PCDAUTHSTATE?RC522
  +--> ?PR?TX_DATA_PARSING?MAIN
  +--> ?PR?_PCDWRITE?RC522
  +--> ?PR?_PCDREAD?RC522
  +--> ?PR?_RX_DATA_PARSING?MAIN

?PR?INITIALIZESYSTEM?MAIN               -----    -----      -----    -----
  +--> ?PR?PCDRESET?RC522
  +--> ?PR?PCDANTENNAOFF?RC522
  +--> ?PR?PCDANTENNAON?RC522
  +--> ?PR?_M500PCDCONFIGISOTYPE?RC522

?PR?PCDRESET?RC522                      -----    -----      -----    -----
  +--> ?PR?_WRITERAWRC?RC522

?PR?PCDANTENNAOFF?RC522                 -----    -----      -----    -----
  +--> ?PR?_CLEARBITMASK?RC522

?PR?_CLEARBITMASK?RC522                 -----    -----      -----    -----
  +--> ?PR?_READRAWRC?RC522
  +--> ?PR?_WRITERAWRC?RC522

?PR?PCDANTENNAON?RC522                  -----    -----      -----    -----
  +--> ?PR?_READRAWRC?RC522
  +--> ?PR?_SETBITMASK?RC522

?PR?_SETBITMASK?RC522                   -----    -----      -----    -----
  +--> ?PR?_READRAWRC?RC522
  +--> ?PR?_WRITERAWRC?RC522

?PR?_M500PCDCONFIGISOTYPE?RC522         -----    -----      -----    -----
  +--> ?PR?_CLEARBITMASK?RC522
  +--> ?PR?_WRITERAWRC?RC522
  +--> ?PR?_DELAY_10MS?RC522
  +--> ?PR?PCDANTENNAON?RC522

?PR?_DELAY_10MS?RC522                   -----    -----      001AH    0002H

?PR?OLED_INIT?OLED                      -----    -----      -----    -----
  +--> ?PR?_OLED_WR_BYTE?OLED

?PR?_OLED_WR_BYTE?OLED                  -----    -----      -----    -----
  +--> ?PR?_WRITE_IIC_DATA?OLED
  +--> ?PR?_WRITE_IIC_COMMAND?OLED

?PR?_WRITE_IIC_DATA?OLED                -----    -----      -----    -----
  +--> ?PR?_WRITE_IIC_BYTE?OLED
  +--> ?PR?IIC_WAIT_ACK?OLED
  +--> ?PR?IIC_STOP?OLED

?PR?_WRITE_IIC_BYTE?OLED                -----    -----      -----    -----
  +--> ?PR?IIC_START?OLED
BL51 BANKED LINKER/LOCATER V6.22                                                      11/10/2019  17:01:50  PAGE 4



?PR?IIC_WAIT_ACK?OLED                   -----    -----      -----    -----
  +--> ?PR?_WRITE_IIC_BYTE?OLED

?PR?_WRITE_IIC_COMMAND?OLED             -----    -----      -----    -----
  +--> ?PR?_WRITE_IIC_BYTE?OLED
  +--> ?PR?IIC_WAIT_ACK?OLED
  +--> ?PR?IIC_STOP?OLED

?PR?OLED_CLEAR?OLED                     -----    -----      001AH    0001H
  +--> ?PR?_OLED_WR_BYTE?OLED

?PR?_OLED_SHOWSTRING?OLED               -----    -----      001AH    0007H
  +--> ?PR?_OLED_SHOWCHAR?OLED

?PR?_OLED_SHOWCHAR?OLED                 -----    -----      0023H    0005H
  +--> ?PR?_OLED_SET_POS?OLED
  +--> ?CO?OLED
  +--> ?PR?_OLED_WR_BYTE?OLED

?PR?_OLED_SET_POS?OLED                  -----    -----      -----    -----
  +--> ?PR?_OLED_WR_BYTE?OLED

?PR?_OLED_SHOWNUM?OLED                  -----    -----      001AH    0009H
  +--> ?PR?_OLED_POW?OLED
  +--> ?PR?_OLED_SHOWCHAR?OLED

?PR?_OLED_POW?OLED                      -----    -----      0023H    0001H

?PR?_PCDREQUEST?RC522                   -----    -----      001AH    0018H
  +--> ?PR?_CLEARBITMASK?RC522
  +--> ?PR?_WRITERAWRC?RC522
  +--> ?PR?_SETBITMASK?RC522
  +--> ?PR?_PCDCOMMF522?RC522

?PR?_PCDCOMMF522?RC522                  -----    -----      0037H    0011H
  +--> ?PR?_WRITERAWRC?RC522
  +--> ?PR?_CLEARBITMASK?RC522
  +--> ?PR?_SETBITMASK?RC522
  +--> ?PR?_READRAWRC?RC522

?PR?_PCDANTICOLL?RC522                  -----    -----      001AH    0019H
  +--> ?PR?_CLEARBITMASK?RC522
  +--> ?PR?_WRITERAWRC?RC522
  +--> ?PR?_PCDCOMMF522?RC522
  +--> ?PR?_SETBITMASK?RC522

?PR?_PCDSELECT?RC522                    -----    -----      001AH    0017H
  +--> ?PR?_CALULATECRC?RC522
  +--> ?PR?_CLEARBITMASK?RC522
  +--> ?PR?_PCDCOMMF522?RC522

?PR?_CALULATECRC?RC522                  -----    -----      0031H    0008H
  +--> ?PR?_CLEARBITMASK?RC522
  +--> ?PR?_WRITERAWRC?RC522
  +--> ?PR?_SETBITMASK?RC522
  +--> ?PR?_READRAWRC?RC522
BL51 BANKED LINKER/LOCATER V6.22                                                      11/10/2019  17:01:50  PAGE 5



?PR?_PCDAUTHSTATE?RC522                 -----    -----      001AH    001DH
  +--> ?PR?_PCDCOMMF522?RC522
  +--> ?PR?_READRAWRC?RC522

?PR?_PCDWRITE?RC522                     -----    -----      001AH    0017H
  +--> ?PR?_CALULATECRC?RC522
  +--> ?PR?_PCDCOMMF522?RC522

?PR?_PCDREAD?RC522                      -----    -----      001AH    0017H
  +--> ?PR?_CALULATECRC?RC522
  +--> ?PR?_PCDCOMMF522?RC522



SYMBOL TABLE OF MODULE:  test (?C_STARTUP)

  VALUE           TYPE          NAME
  ----------------------------------

  -------         MODULE        ?C_STARTUP
  C:1F4CH         SEGMENT       ?C_C51STARTUP
  I:0035H         SEGMENT       ?STACK
  C:0000H         PUBLIC        ?C_STARTUP
  D:00E0H         SYMBOL        ACC
  D:00F0H         SYMBOL        B
  D:0083H         SYMBOL        DPH
  D:0082H         SYMBOL        DPL
  N:0000H         SYMBOL        IBPSTACK
  N:0100H         SYMBOL        IBPSTACKTOP
  N:0080H         SYMBOL        IDATALEN
  C:1F4FH         SYMBOL        IDATALOOP
  N:0000H         SYMBOL        PBPSTACK
  N:0100H         SYMBOL        PBPSTACKTOP
  N:0000H         SYMBOL        PDATALEN
  N:0000H         SYMBOL        PDATASTART
  N:0000H         SYMBOL        PPAGE
  N:0000H         SYMBOL        PPAGEENABLE
  D:00A0H         SYMBOL        PPAGE_SFR
  D:0081H         SYMBOL        SP
  C:1F4CH         SYMBOL        STARTUP1
  N:0000H         SYMBOL        XBPSTACK
  N:0000H         SYMBOL        XBPSTACKTOP
  N:0000H         SYMBOL        XDATALEN
  N:0000H         SYMBOL        XDATASTART
  C:0000H         LINE#         126
  C:1F4CH         LINE#         133
  C:1F4EH         LINE#         134
  C:1F4FH         LINE#         135
  C:1F50H         LINE#         136
  C:1F52H         LINE#         185
  C:1F55H         LINE#         196
  -------         ENDMOD        ?C_STARTUP

  -------         MODULE        RC522
  C:0000H         SYMBOL        _ICE_DUMMY_
  C:1F61H         PUBLIC        PcdAntennaOff
BL51 BANKED LINKER/LOCATER V6.22                                                      11/10/2019  17:01:50  PAGE 6


  D:0080H         PUBLIC        P0
  D:0090H         PUBLIC        P1
  D:00A0H         PUBLIC        P2
  B:0090H.0       PUBLIC        MF522_NSS
  D:00B0H         PUBLIC        P3
  D:00C0H         PUBLIC        P4
  D:00C8H         PUBLIC        P5
  D:00E8H         PUBLIC        P6
  C:1AF7H         PUBLIC        _PcdRequest
  D:00F8H         PUBLIC        P7
  B:0090H.4       PUBLIC        MF522_RST
  C:172BH         PUBLIC        _CalulateCRC
  D:00A8H         PUBLIC        IE
  C:19F1H         PUBLIC        _PcdRead
  D:00B8H         PUBLIC        IP
  C:1EE2H         PUBLIC        _ClearBitMask
  C:1C9CH         PUBLIC        PcdReset
  C:1EF0H         PUBLIC        PcdAntennaOn
  D:00D8H         PUBLIC        CCON
  C:17BEH         PUBLIC        _PcdWrite
  B:0090H.2       PUBLIC        MF522_SI
  B:0090H.3       PUBLIC        MF522_SO
  C:1853H         PUBLIC        _PcdAuthState
  D:0098H         PUBLIC        SCON
  C:1D8FH         PUBLIC        _delay_10ms
  D:0088H         PUBLIC        TCON
  C:1C20H         PUBLIC        _ReadRawRC
  C:1C61H         PUBLIC        _WriteRawRC
  C:15E7H         PUBLIC        _PcdAnticoll
  C:1F3FH         PUBLIC        _SetBitMask
  C:0FD1H         PUBLIC        _PcdComMF522
  C:1BCFH         PUBLIC        _M500PcdConfigISOType
  B:0090H.1       PUBLIC        MF522_SCK
  D:00D0H         PUBLIC        PSW
  C:1686H         PUBLIC        _PcdSelect
  -------         PROC          _PCDREQUEST
  X:001AH         SYMBOL        req_code
  X:001BH         SYMBOL        pTagType
  -------         DO            
  D:0007H         SYMBOL        status
  X:001EH         SYMBOL        unLen
  X:0020H         SYMBOL        ucComMF522Buf
  -------         ENDDO         
  C:1AF7H         LINE#         20
  C:1B03H         LINE#         21
  C:1B03H         LINE#         26
  C:1B06H         LINE#         27
  C:1B0DH         LINE#         33
  C:1B14H         LINE#         35
  C:1B1AH         LINE#         37
  C:1B3EH         LINE#         41
  C:1B4CH         LINE#         42
  C:1B4CH         LINE#         43
  C:1B5EH         LINE#         44
  C:1B73H         LINE#         45
  C:1B75H         LINE#         47
  C:1B77H         LINE#         49
BL51 BANKED LINKER/LOCATER V6.22                                                      11/10/2019  17:01:50  PAGE 7


  C:1B77H         LINE#         50
  -------         ENDPROC       _PCDREQUEST
  -------         PROC          _PCDANTICOLL
  X:001AH         SYMBOL        pSnr
  -------         DO            
  X:001DH         SYMBOL        status
  D:0007H         SYMBOL        i
  X:001EH         SYMBOL        snr_check
  X:001FH         SYMBOL        unLen
  X:0021H         SYMBOL        ucComMF522Buf
  -------         ENDDO         
  C:15E7H         LINE#         57
  C:15F1H         LINE#         58
  C:15F1H         LINE#         60
  C:15F4H         LINE#         65
  C:15F7H         LINE#         66
  C:15FEH         LINE#         67
  C:1605H         LINE#         69
  C:160AH         LINE#         70
  C:160EH         LINE#         72
  C:163AH         LINE#         74
  C:163CH         LINE#         75
  C:163CH         LINE#         76
  C:163DH         LINE#         77
  C:163DH         LINE#         78
  C:1656H         LINE#         79
  C:1665H         LINE#         80
  C:166AH         LINE#         81
  C:1676H         LINE#         82
  C:167AH         LINE#         83
  C:167AH         LINE#         85
  C:1681H         LINE#         86
  C:1685H         LINE#         87
  -------         ENDPROC       _PCDANTICOLL
  -------         PROC          _PCDSELECT
  X:001AH         SYMBOL        pSnr
  -------         DO            
  D:0007H         SYMBOL        status
  D:0007H         SYMBOL        i
  X:001DH         SYMBOL        unLen
  X:001FH         SYMBOL        ucComMF522Buf
  -------         ENDDO         
  C:1686H         LINE#         94
  C:1690H         LINE#         95
  C:1690H         LINE#         101
  C:1695H         LINE#         102
  C:1699H         LINE#         103
  C:169DH         LINE#         104
  C:169EH         LINE#         105
  C:169EH         LINE#         106
  C:16B7H         LINE#         107
  C:16C9H         LINE#         108
  C:16CEH         LINE#         109
  C:16E6H         LINE#         111
  C:16E9H         LINE#         113
  C:1711H         LINE#         115
  C:171FH         LINE#         116
BL51 BANKED LINKER/LOCATER V6.22                                                      11/10/2019  17:01:50  PAGE 8


  C:1722H         LINE#         118
  C:1724H         LINE#         120
  C:1724H         LINE#         121
  -------         ENDPROC       _PCDSELECT
  -------         PROC          _PCDAUTHSTATE
  D:0007H         SYMBOL        auth_mode
  D:0005H         SYMBOL        addr
  X:001CH         SYMBOL        pKey
  X:001FH         SYMBOL        pSnr
  -------         DO            
  X:0022H         SYMBOL        status
  X:0023H         SYMBOL        unLen
  D:0007H         SYMBOL        i
  X:0025H         SYMBOL        ucComMF522Buf
  -------         ENDDO         
  C:1853H         LINE#         133
  C:185DH         LINE#         134
  C:185DH         LINE#         139
  C:1861H         LINE#         140
  C:1864H         LINE#         141
  C:1866H         LINE#         142
  C:1884H         LINE#         143
  C:1886H         LINE#         144
  C:18A4H         LINE#         148
  C:18D0H         LINE#         149
  C:18DBH         LINE#         150
  C:18E0H         LINE#         152
  C:18E4H         LINE#         153
  -------         ENDPROC       _PCDAUTHSTATE
  -------         PROC          _PCDREAD
  D:0007H         SYMBOL        addr
  X:001AH         SYMBOL        pData
  -------         DO            
  D:0007H         SYMBOL        status
  X:001DH         SYMBOL        unLen
  D:0006H         SYMBOL        i
  X:001FH         SYMBOL        ucComMF522Buf
  -------         ENDDO         
  C:19F1H         LINE#         161
  C:19FBH         LINE#         162
  C:19FBH         LINE#         167
  C:1A00H         LINE#         168
  C:1A03H         LINE#         169
  C:1A1BH         LINE#         171
  C:1A43H         LINE#         172
  C:1A51H         LINE#         174
  C:1A51H         LINE#         175
  C:1A52H         LINE#         176
  C:1A72H         LINE#         177
  C:1A72H         LINE#         179
  C:1A74H         LINE#         181
  C:1A74H         LINE#         182
  -------         ENDPROC       _PCDREAD
  -------         PROC          _PCDWRITE
  D:0007H         SYMBOL        addr
  X:001AH         SYMBOL        pData
  -------         DO            
BL51 BANKED LINKER/LOCATER V6.22                                                      11/10/2019  17:01:50  PAGE 9


  D:0007H         SYMBOL        status
  X:001DH         SYMBOL        unLen
  D:0006H         SYMBOL        i
  X:001FH         SYMBOL        ucComMF522Buf
  -------         ENDDO         
  C:17BEH         LINE#         190
  C:17C8H         LINE#         191
  C:17C8H         LINE#         196
  C:17CDH         LINE#         197
  C:17D0H         LINE#         198
  C:17E2H         LINE#         200
  C:17E7H         LINE#         202
  C:17FEH         LINE#         203
  C:1800H         LINE#         205
  C:1803H         LINE#         206
  C:1803H         LINE#         208
  C:1804H         LINE#         209
  C:1822H         LINE#         210
  C:1834H         LINE#         212
  C:1839H         LINE#         213
  C:1850H         LINE#         214
  C:1852H         LINE#         215
  C:1852H         LINE#         217
  C:1852H         LINE#         218
  -------         ENDPROC       _PCDWRITE
  -------         PROC          L?0127
  -------         ENDPROC       L?0127
  -------         PROC          _CALULATECRC
  X:0031H         SYMBOL        pIndata
  X:0034H         SYMBOL        len
  X:0035H         SYMBOL        pOutData
  -------         DO            
  X:0038H         SYMBOL        i
  D:0007H         SYMBOL        n
  -------         ENDDO         
  C:172BH         LINE#         246
  C:1738H         LINE#         247
  C:1738H         LINE#         249
  C:173FH         LINE#         250
  C:1742H         LINE#         251
  C:1749H         LINE#         252
  C:1759H         LINE#         253
  C:1778H         LINE#         254
  C:177FH         LINE#         255
  C:1784H         LINE#         257
  C:1784H         LINE#         258
  C:1789H         LINE#         259
  C:178EH         LINE#         260
  C:178EH         LINE#         261
  C:1795H         LINE#         262
  C:17A8H         LINE#         263
  -------         ENDPROC       _CALULATECRC
  -------         PROC          PCDRESET
  C:1C9CH         LINE#         270
  C:1C9CH         LINE#         271
  C:1C9CH         LINE#         272
  C:1C9EH         LINE#         273
BL51 BANKED LINKER/LOCATER V6.22                                                      11/10/2019  17:01:50  PAGE 10


  C:1C9FH         LINE#         274
  C:1CA1H         LINE#         275
  C:1CA2H         LINE#         276
  C:1CA4H         LINE#         277
  C:1CA5H         LINE#         278
  C:1CACH         LINE#         279
  C:1CADH         LINE#         281
  C:1CB4H         LINE#         282
  C:1CBBH         LINE#         283
  C:1CC2H         LINE#         284
  C:1CC9H         LINE#         285
  C:1CD0H         LINE#         286
  C:1CD7H         LINE#         287
  C:1CD9H         LINE#         288
  -------         ENDPROC       PCDRESET
  -------         PROC          _M500PCDCONFIGISOTYPE
  D:0007H         SYMBOL        type
  C:1BCFH         LINE#         292
  C:1BCFH         LINE#         293
  C:1BCFH         LINE#         294
  C:1BD4H         LINE#         295
  C:1BD4H         LINE#         296
  C:1BD7H         LINE#         308
  C:1BDEH         LINE#         315
  C:1BE5H         LINE#         320
  C:1BECH         LINE#         325
  C:1BF3H         LINE#         326
  C:1BFAH         LINE#         327
  C:1C01H         LINE#         328
  C:1C08H         LINE#         332
  C:1C0FH         LINE#         333
  C:1C12H         LINE#         334
  C:1C14H         LINE#         335
  C:1C17H         LINE#         337
  C:1C19H         LINE#         338
  -------         ENDPROC       _M500PCDCONFIGISOTYPE
  -------         PROC          L?0128
  -------         ENDPROC       L?0128
  -------         PROC          _READRAWRC
  D:0007H         SYMBOL        Address
  -------         DO            
  D:0005H         SYMBOL        i
  D:0007H         SYMBOL        ucAddr
  D:0006H         SYMBOL        ucResult
  -------         ENDDO         
  C:1C20H         LINE#         344
  C:1C20H         LINE#         345
  C:1C20H         LINE#         347
  C:1C22H         LINE#         349
  C:1C24H         LINE#         350
  C:1C26H         LINE#         351
  C:1C2EH         LINE#         353
  C:1C30H         LINE#         354
  C:1C30H         LINE#         355
  C:1C3AH         LINE#         356
  C:1C3CH         LINE#         357
  C:1C40H         LINE#         358
BL51 BANKED LINKER/LOCATER V6.22                                                      11/10/2019  17:01:50  PAGE 11


  C:1C42H         LINE#         359
  C:1C44H         LINE#         361
  C:1C46H         LINE#         362
  C:1C46H         LINE#         363
  C:1C48H         LINE#         364
  C:1C4CH         LINE#         365
  C:1C52H         LINE#         366
  C:1C54H         LINE#         367
  C:1C56H         LINE#         369
  C:1C58H         LINE#         370
  C:1C5AH         LINE#         371
  C:1C5CH         LINE#         372
  -------         ENDPROC       _READRAWRC
  C:1C5DH         SYMBOL        L?0126
  -------         PROC          L?0125
  -------         ENDPROC       L?0125
  C:1C5DH         SYMBOL        L?0126
  -------         PROC          _WRITERAWRC
  D:0007H         SYMBOL        Address
  D:0005H         SYMBOL        value
  -------         DO            
  D:0006H         SYMBOL        i
  D:0007H         SYMBOL        ucAddr
  -------         ENDDO         
  C:1C61H         LINE#         379
  C:1C61H         LINE#         380
  C:1C61H         LINE#         383
  C:1C63H         LINE#         384
  C:1C65H         LINE#         385
  C:1C6BH         LINE#         387
  C:1C6DH         LINE#         388
  C:1C6DH         LINE#         389
  C:1C77H         LINE#         390
  C:1C79H         LINE#         391
  C:1C7DH         LINE#         392
  C:1C7FH         LINE#         393
  C:1C81H         LINE#         395
  C:1C83H         LINE#         396
  C:1C83H         LINE#         397
  C:1C8DH         LINE#         398
  C:1C8FH         LINE#         399
  C:1C93H         LINE#         400
  C:1C95H         LINE#         401
  C:1C97H         LINE#         402
  C:1C99H         LINE#         403
  C:1C9BH         LINE#         404
  -------         ENDPROC       _WRITERAWRC
  -------         PROC          _SETBITMASK
  D:0004H         SYMBOL        reg
  D:0003H         SYMBOL        mask
  -------         DO            
  D:0006H         SYMBOL        tmp
  -------         ENDDO         
  C:1F3FH         LINE#         411
  C:1F3FH         LINE#         412
  C:1F3FH         LINE#         413
  C:1F3FH         LINE#         414
BL51 BANKED LINKER/LOCATER V6.22                                                      11/10/2019  17:01:50  PAGE 12


  C:1F44H         LINE#         415
  -------         ENDPROC       _SETBITMASK
  C:1EDEH         SYMBOL        L?0124
  -------         PROC          L?0123
  -------         ENDPROC       L?0123
  C:1EDEH         SYMBOL        L?0124
  -------         PROC          _CLEARBITMASK
  D:0004H         SYMBOL        reg
  D:0003H         SYMBOL        mask
  -------         DO            
  D:0006H         SYMBOL        tmp
  -------         ENDDO         
  C:1EE2H         LINE#         423
  C:1EE2H         LINE#         424
  C:1EE2H         LINE#         425
  C:1EE2H         LINE#         426
  C:1EE7H         LINE#         427
  -------         ENDPROC       _CLEARBITMASK
  C:0FCDH         SYMBOL        L?0122
  -------         PROC          L?0121
  -------         ENDPROC       L?0121
  C:0FCDH         SYMBOL        L?0122
  -------         PROC          _PCDCOMMF522
  X:0037H         SYMBOL        Command
  X:0038H         SYMBOL        pInData
  X:003BH         SYMBOL        InLenByte
  X:003CH         SYMBOL        pOutData
  X:003FH         SYMBOL        pOutLenBit
  -------         DO            
  X:0042H         SYMBOL        status
  X:0043H         SYMBOL        irqEn
  X:0044H         SYMBOL        waitFor
  D:0005H         SYMBOL        lastBits
  X:0045H         SYMBOL        n
  X:0046H         SYMBOL        i
  -------         ENDDO         
  C:0FD1H         LINE#         438
  C:0FDFH         LINE#         443
  C:0FDFH         LINE#         444
  C:0FE4H         LINE#         445
  C:0FE7H         LINE#         446
  C:0FE9H         LINE#         450
  C:0FF2H         LINE#         451
  C:0FF2H         LINE#         452
  C:0FF2H         LINE#         453
  C:0FF7H         LINE#         454
  C:0FFBH         LINE#         455
  C:0FFDH         LINE#         456
  C:0FFDH         LINE#         457
  C:1002H         LINE#         458
  C:1006H         LINE#         459
  C:1006H         LINE#         460
  C:1006H         LINE#         461
  C:1006H         LINE#         462
  C:1006H         LINE#         464
  C:1011H         LINE#         465
  C:1018H         LINE#         466
BL51 BANKED LINKER/LOCATER V6.22                                                      11/10/2019  17:01:50  PAGE 13


  C:101BH         LINE#         467
  C:1022H         LINE#         469
  C:103AH         LINE#         470
  C:105EH         LINE#         471
  C:1067H         LINE#         474
  C:106BH         LINE#         475
  C:1072H         LINE#         478
  C:107BH         LINE#         480
  C:107BH         LINE#         481
  C:1084H         LINE#         482
  C:108FH         LINE#         483
  C:108FH         LINE#         484
  C:10A5H         LINE#         485
  C:10ACH         LINE#         487
  C:10B8H         LINE#         488
  C:10B8H         LINE#         489
  C:10C5H         LINE#         490
  C:10C5H         LINE#         491
  C:10C8H         LINE#         492
  C:10D2H         LINE#         493
  C:10D7H         LINE#         494
  C:10E1H         LINE#         495
  C:10E1H         LINE#         496
  C:10EAH         LINE#         497
  C:10F3H         LINE#         498
  C:10F5H         LINE#         499
  C:111AH         LINE#         501
  C:1133H         LINE#         502
  C:1138H         LINE#         503
  C:113AH         LINE#         504
  C:1142H         LINE#         505
  C:1145H         LINE#         506
  C:115AH         LINE#         507
  C:1184H         LINE#         508
  C:1184H         LINE#         509
  C:1184H         LINE#         511
  C:1189H         LINE#         513
  C:1189H         LINE#         516
  C:1190H         LINE#         517
  C:1193H         LINE#         518
  C:1197H         LINE#         519
  -------         ENDPROC       _PCDCOMMF522
  -------         PROC          PCDANTENNAON
  -------         DO            
  D:0007H         SYMBOL        i
  -------         ENDDO         
  C:1EF0H         LINE#         526
  C:1EF0H         LINE#         527
  C:1EF0H         LINE#         529
  C:1EF5H         LINE#         530
  C:1EFAH         LINE#         531
  C:1EFAH         LINE#         532
  C:1F01H         LINE#         533
  C:1F01H         LINE#         534
  -------         ENDPROC       PCDANTENNAON
  -------         PROC          PCDANTENNAOFF
  C:1F61H         LINE#         540
BL51 BANKED LINKER/LOCATER V6.22                                                      11/10/2019  17:01:50  PAGE 14


  C:1F61H         LINE#         541
  C:1F61H         LINE#         542
  -------         ENDPROC       PCDANTENNAOFF
  -------         PROC          _DELAY_10MS
  D:0006H         SYMBOL        _10ms
  -------         DO            
  D:0004H         SYMBOL        delay_10ms_count
  -------         DO            
  X:001AH         SYMBOL        i
  X:001BH         SYMBOL        j
  -------         ENDDO         
  -------         ENDDO         
  C:1D8FH         LINE#         549
  C:1D8FH         LINE#         550
  C:1D8FH         LINE#         552
  C:1D99H         LINE#         553
  C:1D99H         LINE#         556
  C:1D9EH         LINE#         557
  C:1DA2H         LINE#         559
  C:1DA2H         LINE#         560
  C:1DA9H         LINE#         561
  C:1DB0H         LINE#         562
  C:1DB7H         LINE#         563
  -------         ENDPROC       _DELAY_10MS
  -------         ENDMOD        RC522

  -------         MODULE        MAIN
  C:0000H         SYMBOL        _ICE_DUMMY_
  D:0080H         PUBLIC        P0
  D:0090H         PUBLIC        P1
  D:00A0H         PUBLIC        P2
  D:00B0H         PUBLIC        P3
  D:00C0H         PUBLIC        P4
  D:00C8H         PUBLIC        P5
  D:00E8H         PUBLIC        P6
  D:00F8H         PUBLIC        P7
  D:0008H         PUBLIC        SerBuffer
  I:0021H         PUBLIC        RevBuffer
  D:00A8H         PUBLIC        IE
  D:00B8H         PUBLIC        IP
  B:0080H.0       PUBLIC        KEY1
  B:0080H.1       PUBLIC        KEY2
  B:0080H.2       PUBLIC        KEY3
  B:0080H.3       PUBLIC        KEY4
  C:1E99H         PUBLIC        InitializeSystem
  D:00D8H         PUBLIC        CCON
  C:09DBH         PUBLIC        main
  D:0098H         PUBLIC        SCON
  D:0088H         PUBLIC        TCON
  I:0031H         PUBLIC        MLastSelectedSnr
  C:1E46H         PUBLIC        key_scan
  C:196CH         PUBLIC        _Rx_Data_Parsing
  C:1D0DH         PUBLIC        Tx_Data_Parsing
  C:1475H         PUBLIC        DefaultKey
  D:00D0H         PUBLIC        PSW
  X:0000H         PUBLIC        User_Data
  -------         PROC          INITIALIZESYSTEM
BL51 BANKED LINKER/LOCATER V6.22                                                      11/10/2019  17:01:50  PAGE 15


  C:1E99H         LINE#         18
  C:1E99H         LINE#         19
  C:1E99H         LINE#         20
  C:1EA2H         LINE#         23
  C:1EA5H         LINE#         24
  C:1EA8H         LINE#         25
  C:1EABH         LINE#         26
  -------         ENDPROC       INITIALIZESYSTEM
  -------         PROC          _RX_DATA_PARSING
  D:0001H         SYMBOL        Rx_Data
  C:196CH         LINE#         45
  C:196CH         LINE#         46
  C:1977H         LINE#         47
  C:197FH         LINE#         48
  C:1996H         LINE#         50
  C:19A4H         LINE#         51
  C:19ACH         LINE#         52
  C:19C3H         LINE#         54
  C:19D1H         LINE#         55
  C:19D9H         LINE#         56
  C:19F0H         LINE#         57
  -------         ENDPROC       _RX_DATA_PARSING
  -------         PROC          TX_DATA_PARSING
  C:1D0DH         LINE#         59
  C:1D0DH         LINE#         61
  C:1D19H         LINE#         62
  C:1D1CH         LINE#         64
  C:1D27H         LINE#         65
  C:1D2AH         LINE#         67
  C:1D35H         LINE#         68
  C:1D38H         LINE#         69
  -------         ENDPROC       TX_DATA_PARSING
  -------         PROC          KEY_SCAN
  -------         DO            
  D:0007H         SYMBOL        key_value
  -------         ENDDO         
  C:1E46H         LINE#         71
  C:1E46H         LINE#         72
  C:1E48H         LINE#         73
  C:1E4BH         LINE#         74
  C:1E4DH         LINE#         75
  C:1E4FH         LINE#         76
  C:1E52H         LINE#         77
  C:1E54H         LINE#         78
  C:1E56H         LINE#         79
  C:1E59H         LINE#         80
  C:1E5BH         LINE#         81
  C:1E5DH         LINE#         82
  C:1E60H         LINE#         83
  C:1E62H         LINE#         84
  C:1E62H         LINE#         85
  C:1E62H         LINE#         86
  -------         ENDPROC       KEY_SCAN
  -------         PROC          MAIN
  -------         DO            
  X:0018H         SYMBOL        count_for
  X:0019H         SYMBOL        key_state
BL51 BANKED LINKER/LOCATER V6.22                                                      11/10/2019  17:01:50  PAGE 16


  B:0020H.0       SYMBOL        set_flag
  -------         ENDDO         
  C:09DBH         LINE#         87
  C:09DBH         LINE#         88
  C:09DBH         LINE#         90
  C:09DFH         LINE#         91
  C:09E2H         LINE#         92
  C:09E4H         LINE#         93
  C:09E7H         LINE#         94
  C:09EAH         LINE#         95
  C:09EDH         LINE#         96
  C:09FFH         LINE#         97
  C:0A10H         LINE#         98
  C:0A22H         LINE#         100
  C:0A28H         LINE#         101
  C:0A2CH         LINE#         102
  C:0A30H         LINE#         104
  C:0A30H         LINE#         105
  C:0A30H         LINE#         106
  C:0A3EH         LINE#         108
  C:0A3EH         LINE#         109
  C:0A3EH         LINE#         110
  C:0A41H         LINE#         111
  C:0A44H         LINE#         112
  C:0A56H         LINE#         113
  C:0A68H         LINE#         114
  C:0A7AH         LINE#         115
  C:0A8CH         LINE#         116
  C:0AA3H         LINE#         117
  C:0AAEH         LINE#         118
  C:0AB2H         LINE#         119
  C:0AB4H         LINE#         120
  C:0AC4H         LINE#         121
  C:0AC4H         LINE#         122
  C:0ADBH         LINE#         123
  C:0ADBH         LINE#         124
  C:0AE2H         LINE#         125
  C:0AE4H         LINE#         126
  C:0AEFH         LINE#         127
  C:0AEFH         LINE#         128
  C:0AEFH         LINE#         129
  C:0AEFH         LINE#         130
  C:0B04H         LINE#         131
  C:0B0AH         LINE#         132
  C:0B17H         LINE#         133
  C:0B1DH         LINE#         134
  C:0B28H         LINE#         135
  C:0B37H         LINE#         136
  C:0B41H         LINE#         137
  C:0B4CH         LINE#         138
  C:0B52H         LINE#         139
  C:0B57H         LINE#         140
  C:0B67H         LINE#         141
  C:0B79H         LINE#         142
  C:0B86H         LINE#         143
  C:0B88H         LINE#         144
  C:0B98H         LINE#         145
BL51 BANKED LINKER/LOCATER V6.22                                                      11/10/2019  17:01:50  PAGE 17


  C:0B98H         LINE#         146
  C:0BAAH         LINE#         147
  C:0BADH         LINE#         148
  C:0BB3H         LINE#         149
  C:0BB5H         LINE#         150
  C:0BBBH         LINE#         151
  C:0BD7H         LINE#         153
  C:0BDCH         LINE#         154
  C:0BECH         LINE#         155
  C:0BFEH         LINE#         156
  C:0C0DH         LINE#         157
  C:0C0FH         LINE#         158
  C:0C1FH         LINE#         159
  C:0C1FH         LINE#         160
  C:0C2AH         LINE#         161
  C:0C2EH         LINE#         162
  C:0C30H         LINE#         163
  C:0C40H         LINE#         164
  C:0C40H         LINE#         165
  C:0C43H         LINE#         166
  C:0C49H         LINE#         167
  C:0C56H         LINE#         168
  C:0C5CH         LINE#         169
  C:0C67H         LINE#         170
  C:0C76H         LINE#         171
  C:0C80H         LINE#         172
  C:0C8BH         LINE#         173
  C:0C91H         LINE#         174
  C:0C96H         LINE#         175
  C:0CA6H         LINE#         176
  C:0CB8H         LINE#         177
  C:0CC7H         LINE#         178
  C:0CC9H         LINE#         179
  C:0CD9H         LINE#         180
  C:0CD9H         LINE#         181
  C:0CF0H         LINE#         182
  C:0CF0H         LINE#         183
  C:0CF0H         LINE#         184
  C:0CF0H         LINE#         185
  C:0CFBH         LINE#         186
  C:0CFBH         LINE#         187
  C:0D07H         LINE#         188
  C:0D07H         LINE#         189
  C:0D0AH         LINE#         190
  C:0D0DH         LINE#         191
  C:0D10H         LINE#         192
  C:0D22H         LINE#         197
  C:0D30H         LINE#         198
  C:0D3CH         LINE#         199
  C:0D48H         LINE#         200
  C:0D64H         LINE#         201
  C:0D67H         LINE#         202
  C:0D75H         LINE#         203
  C:0D87H         LINE#         204
  C:0D8EH         LINE#         205
  C:0DA0H         LINE#         206
  C:0DA7H         LINE#         207
BL51 BANKED LINKER/LOCATER V6.22                                                      11/10/2019  17:01:50  PAGE 18


  C:0DB9H         LINE#         208
  C:0DC0H         LINE#         209
  C:0DC3H         LINE#         210
  C:0DC6H         LINE#         211
  C:0DD8H         LINE#         212
  C:0DDFH         LINE#         213
  C:0DE2H         LINE#         214
  C:0DE5H         LINE#         215
  C:0DF7H         LINE#         216
  C:0E08H         LINE#         217
  C:0E1AH         LINE#         218
  C:0E1DH         LINE#         219
  C:0E1DH         LINE#         220
  C:0E1DH         LINE#         222
  C:0E1DH         LINE#         224
  C:0E20H         LINE#         225
  C:0E23H         LINE#         226
  C:0E35H         LINE#         227
  C:0E47H         LINE#         230
  C:0E55H         LINE#         231
  C:0E61H         LINE#         232
  C:0E6DH         LINE#         233
  C:0E89H         LINE#         234
  C:0E97H         LINE#         235
  C:0E9AH         LINE#         236
  C:0E9DH         LINE#         237
  C:0EAFH         LINE#         238
  C:0EB6H         LINE#         239
  C:0EBFH         LINE#         241
  C:0EC2H         LINE#         242
  C:0EC5H         LINE#         243
  C:0ED7H         LINE#         244
  C:0EE9H         LINE#         245
  C:0EFBH         LINE#         246
  C:0F0DH         LINE#         247
  C:0F24H         LINE#         248
  C:0F2FH         LINE#         249
  C:0F33H         LINE#         250
  C:0F35H         LINE#         251
  C:0F45H         LINE#         252
  C:0F45H         LINE#         253
  C:0F5CH         LINE#         254
  C:0F63H         LINE#         255
  C:0F69H         LINE#         256
  C:0F70H         LINE#         257
  C:0F73H         LINE#         258
  C:0F76H         LINE#         259
  C:0F88H         LINE#         260
  C:0F99H         LINE#         261
  C:0FABH         LINE#         262
  -------         ENDPROC       MAIN
  -------         ENDMOD        MAIN

  -------         MODULE        OLED
  C:0000H         SYMBOL        _ICE_DUMMY_
  C:1EB0H         PUBLIC        OLED_Display_On
  D:0080H         PUBLIC        P0
BL51 BANKED LINKER/LOCATER V6.22                                                      11/10/2019  17:01:50  PAGE 19


  D:0090H         PUBLIC        P1
  D:00A0H         PUBLIC        P2
  D:00B0H         PUBLIC        P3
  D:00C0H         PUBLIC        P4
  D:00C8H         PUBLIC        P5
  D:00E8H         PUBLIC        P6
  D:00F8H         PUBLIC        P7
  C:1D65H         PUBLIC        _fill_picture
  D:00A8H         PUBLIC        IE
  C:1E28H         PUBLIC        _Delay_50ms
  D:00B8H         PUBLIC        IP
  C:12CEH         PUBLIC        OLED_Init
  C:1F31H         PUBLIC        _Write_IIC_Data
  D:00D8H         PUBLIC        CCON
  C:1B78H         PUBLIC        _OLED_ShowString
  C:1D54H         PUBLIC        _OLED_WR_Byte
  C:147BH         PUBLIC        _OLED_ShowChar
  C:0003H         PUBLIC        F6x8
  C:081BH         PUBLIC        Hzk
  D:0098H         PUBLIC        SCON
  B:0080H.4       PUBLIC        OLED_SDIN
  D:0088H         PUBLIC        TCON
  C:1DBFH         PUBLIC        _Write_IIC_Byte
  C:022BH         PUBLIC        F8X16
  C:1F1EH         PUBLIC        IIC_Wait_Ack
  C:1DDFH         PUBLIC        OLED_On
  C:1F58H         PUBLIC        IIC_Start
  C:1CE1H         PUBLIC        _OLED_Set_Pos
  C:1A75H         PUBLIC        _OLED_ShowCHinese
  C:1E7FH         PUBLIC        _delay_ms
  C:153EH         PUBLIC        _OLED_ShowNum
  C:1F02H         PUBLIC        OLED_Display_Off
  C:1E63H         PUBLIC        _oled_pow
  C:1F68H         PUBLIC        IIC_Stop
  C:1EC7H         PUBLIC        _Delay_1ms
  C:1F23H         PUBLIC        _Write_IIC_Command
  B:0080H.5       PUBLIC        OLED_SCL
  C:1E04H         PUBLIC        OLED_Clear
  C:18E5H         PUBLIC        _OLED_DrawBMP
  D:00D0H         PUBLIC        PSW
  -------         PROC          _DELAY_MS
  D:0006H         SYMBOL        ms
  -------         DO            
  D:0004H         SYMBOL        a
  -------         ENDDO         
  C:1E7FH         LINE#         13
  C:1E7FH         LINE#         14
  C:1E7FH         LINE#         16
  C:1E83H         LINE#         17
  C:1E83H         LINE#         18
  C:1E87H         LINE#         19
  C:1E91H         LINE#         20
  C:1E96H         LINE#         21
  C:1E98H         LINE#         23
  -------         ENDPROC       _DELAY_MS
  -------         PROC          IIC_START
  C:1F58H         LINE#         27
BL51 BANKED LINKER/LOCATER V6.22                                                      11/10/2019  17:01:50  PAGE 20


  C:1F58H         LINE#         28
  C:1F58H         LINE#         30
  C:1F5AH         LINE#         31
  C:1F5CH         LINE#         32
  C:1F5EH         LINE#         33
  C:1F60H         LINE#         34
  -------         ENDPROC       IIC_START
  -------         PROC          IIC_STOP
  C:1F68H         LINE#         39
  C:1F68H         LINE#         40
  C:1F68H         LINE#         41
  C:1F6AH         LINE#         43
  C:1F6CH         LINE#         44
  C:1F6EH         LINE#         46
  -------         ENDPROC       IIC_STOP
  -------         PROC          L?0113
  -------         ENDPROC       L?0113
  -------         PROC          IIC_WAIT_ACK
  C:1F1EH         LINE#         48
  C:1F1EH         LINE#         49
  C:1F1EH         LINE#         50
  C:1F20H         LINE#         51
  C:1F22H         LINE#         52
  -------         ENDPROC       IIC_WAIT_ACK
  -------         PROC          L?0114
  -------         ENDPROC       L?0114
  -------         PROC          _WRITE_IIC_BYTE
  D:0007H         SYMBOL        IIC_Byte
  -------         DO            
  D:0006H         SYMBOL        i
  D:0005H         SYMBOL        m
  D:0007H         SYMBOL        da
  -------         ENDDO         
  C:1DBFH         LINE#         57
  C:1DBFH         LINE#         58
  C:1DBFH         LINE#         61
  C:1DBFH         LINE#         62
  C:1DC1H         LINE#         63
  C:1DC3H         LINE#         64
  C:1DC3H         LINE#         65
  C:1DC5H         LINE#         67
  C:1DC8H         LINE#         68
  C:1DCBH         LINE#         69
  C:1DCFH         LINE#         70
  C:1DD1H         LINE#         71
  C:1DD5H         LINE#         72
  C:1DD7H         LINE#         73
  C:1DD9H         LINE#         74
  C:1DDEH         LINE#         77
  -------         ENDPROC       _WRITE_IIC_BYTE
  -------         PROC          _WRITE_IIC_COMMAND
  D:0004H         SYMBOL        IIC_Command
  C:1F23H         LINE#         81
  C:1F23H         LINE#         82
  C:1F23H         LINE#         83
  C:1F23H         LINE#         84
  C:1F26H         LINE#         85
BL51 BANKED LINKER/LOCATER V6.22                                                      11/10/2019  17:01:50  PAGE 21


  C:1F29H         LINE#         86
  C:1F2BH         LINE#         87
  C:1F2BH         LINE#         88
  C:1F2BH         LINE#         89
  C:1F2EH         LINE#         90
  -------         ENDPROC       _WRITE_IIC_COMMAND
  -------         PROC          _WRITE_IIC_DATA
  D:0004H         SYMBOL        IIC_Data
  C:1F31H         LINE#         95
  C:1F31H         LINE#         96
  C:1F31H         LINE#         97
  C:1F31H         LINE#         98
  C:1F34H         LINE#         99
  C:1F37H         LINE#         100
  C:1F39H         LINE#         101
  C:1F39H         LINE#         102
  C:1F39H         LINE#         103
  C:1F3CH         LINE#         104
  -------         ENDPROC       _WRITE_IIC_DATA
  C:1D39H         SYMBOL        L?0109
  C:1D43H         SYMBOL        L?0110
  C:1D4AH         SYMBOL        L?0111
  C:1D50H         SYMBOL        L?0112
  -------         PROC          L?0108
  -------         ENDPROC       L?0108
  C:1D39H         SYMBOL        L?0109
  C:1D43H         SYMBOL        L?0110
  C:1D4AH         SYMBOL        L?0111
  C:1D50H         SYMBOL        L?0112
  -------         PROC          _OLED_WR_BYTE
  D:0002H         SYMBOL        dat
  D:0004H         SYMBOL        cmd
  C:1D54H         LINE#         106
  C:1D58H         LINE#         107
  C:1D58H         LINE#         108
  C:1D5CH         LINE#         109
  C:1D5CH         LINE#         111
  C:1D5FH         LINE#         113
  C:1D5FH         LINE#         114
  C:1D5FH         LINE#         115
  C:1D64H         LINE#         117
  C:1D64H         LINE#         120
  -------         ENDPROC       _OLED_WR_BYTE
  -------         PROC          _FILL_PICTURE
  X:0006H         SYMBOL        fill_Data
  -------         DO            
  D:0001H         SYMBOL        m
  X:0007H         SYMBOL        n
  -------         ENDDO         
  C:1D65H         LINE#         125
  C:1D69H         LINE#         126
  C:1D69H         LINE#         128
  C:1D6BH         LINE#         129
  C:1D6BH         LINE#         130
  C:1D6BH         LINE#         131
  C:1D6BH         LINE#         132
  C:1D6EH         LINE#         133
BL51 BANKED LINKER/LOCATER V6.22                                                      11/10/2019  17:01:50  PAGE 22


  C:1D72H         LINE#         134
  C:1D72H         LINE#         135
  C:1D7FH         LINE#         136
  C:1D89H         LINE#         137
  C:1D8EH         LINE#         138
  -------         ENDPROC       _FILL_PICTURE
  -------         PROC          _DELAY_50MS
  D:0006H         SYMBOL        Del_50ms
  -------         DO            
  D:0004H         SYMBOL        m
  -------         ENDDO         
  C:1E28H         LINE#         142
  C:1E28H         LINE#         143
  C:1E28H         LINE#         145
  C:1E31H         LINE#         146
  C:1E45H         LINE#         147
  -------         ENDPROC       _DELAY_50MS
  -------         PROC          _DELAY_1MS
  D:0006H         SYMBOL        Del_1ms
  -------         DO            
  D:0005H         SYMBOL        j
  -------         ENDDO         
  C:1EC7H         LINE#         149
  C:1EC7H         LINE#         150
  C:1EC7H         LINE#         152
  C:1ED1H         LINE#         153
  C:1ED1H         LINE#         154
  C:1EDCH         LINE#         155
  C:1EDCH         LINE#         156
  -------         ENDPROC       _DELAY_1MS
  -------         PROC          L?0115
  -------         ENDPROC       L?0115
  -------         PROC          _OLED_SET_POS
  D:0001H         SYMBOL        x
  D:0005H         SYMBOL        y
  C:1CE1H         LINE#         160
  C:1CE3H         LINE#         161
  C:1CF0H         LINE#         162
  C:1D01H         LINE#         163
  -------         ENDPROC       _OLED_SET_POS
  -------         PROC          OLED_DISPLAY_ON
  C:1EB0H         LINE#         166
  C:1EB0H         LINE#         167
  C:1EB0H         LINE#         168
  C:1EB5H         LINE#         169
  C:1EBEH         LINE#         170
  -------         ENDPROC       OLED_DISPLAY_ON
  -------         PROC          OLED_DISPLAY_OFF
  C:1F02H         LINE#         173
  C:1F02H         LINE#         174
  C:1F02H         LINE#         175
  C:1F07H         LINE#         176
  C:1F0AH         LINE#         177
  -------         ENDPROC       OLED_DISPLAY_OFF
  -------         PROC          OLED_CLEAR
  -------         DO            
  D:0001H         SYMBOL        i
BL51 BANKED LINKER/LOCATER V6.22                                                      11/10/2019  17:01:50  PAGE 23


  X:001AH         SYMBOL        n
  -------         ENDDO         
  C:1E04H         LINE#         180
  C:1E04H         LINE#         181
  C:1E04H         LINE#         183
  C:1E06H         LINE#         184
  C:1E06H         LINE#         185
  C:1E06H         LINE#         186
  C:1E06H         LINE#         187
  C:1E09H         LINE#         188
  C:1E22H         LINE#         189
  C:1E27H         LINE#         190
  -------         ENDPROC       OLED_CLEAR
  -------         PROC          OLED_ON
  -------         DO            
  D:0001H         SYMBOL        i
  X:0008H         SYMBOL        n
  -------         ENDDO         
  C:1DDFH         LINE#         191
  C:1DDFH         LINE#         192
  C:1DDFH         LINE#         194
  C:1DE1H         LINE#         195
  C:1DE1H         LINE#         196
  C:1DE1H         LINE#         197
  C:1DE1H         LINE#         198
  C:1DE4H         LINE#         199
  C:1DFEH         LINE#         200
  C:1E03H         LINE#         201
  -------         ENDPROC       OLED_ON
  -------         PROC          _OLED_SHOWCHAR
  X:0023H         SYMBOL        x
  X:0024H         SYMBOL        y
  D:0003H         SYMBOL        chr
  X:0026H         SYMBOL        Char_Size
  -------         DO            
  X:0027H         SYMBOL        c
  D:0001H         SYMBOL        i
  -------         ENDDO         
  C:147BH         LINE#         207
  C:1482H         LINE#         208
  C:1482H         LINE#         209
  C:1487H         LINE#         210
  C:148BH         LINE#         211
  C:149AH         LINE#         212
  C:14A1H         LINE#         213
  C:14A1H         LINE#         214
  C:14A4H         LINE#         215
  C:14A6H         LINE#         216
  C:14D2H         LINE#         217
  C:14DDH         LINE#         218
  C:14DFH         LINE#         219
  C:150CH         LINE#         220
  C:150CH         LINE#         221
  C:150CH         LINE#         222
  C:150FH         LINE#         223
  C:1511H         LINE#         224
  C:153DH         LINE#         226
BL51 BANKED LINKER/LOCATER V6.22                                                      11/10/2019  17:01:50  PAGE 24


  C:153DH         LINE#         227
  -------         ENDPROC       _OLED_SHOWCHAR
  -------         PROC          _OLED_POW
  X:0023H         SYMBOL        m
  D:0001H         SYMBOL        n
  -------         DO            
  D:0006H         SYMBOL        result
  -------         ENDDO         
  C:1E63H         LINE#         229
  C:1E69H         LINE#         230
  C:1E69H         LINE#         231
  C:1E6DH         LINE#         232
  C:1E7EH         LINE#         233
  C:1E7EH         LINE#         234
  -------         ENDPROC       _OLED_POW
  -------         PROC          _OLED_SHOWNUM
  X:001AH         SYMBOL        x
  X:001BH         SYMBOL        y
  X:001CH         SYMBOL        num
  X:001EH         SYMBOL        len
  X:001FH         SYMBOL        size2
  -------         DO            
  X:0020H         SYMBOL        t
  X:0021H         SYMBOL        temp
  X:0022H         SYMBOL        enshow
  -------         ENDDO         
  C:153EH         LINE#         241
  C:154BH         LINE#         242
  C:154BH         LINE#         244
  C:154FH         LINE#         245
  C:1561H         LINE#         246
  C:1561H         LINE#         247
  C:1586H         LINE#         248
  C:1597H         LINE#         249
  C:1597H         LINE#         250
  C:159BH         LINE#         251
  C:159BH         LINE#         252
  C:15B3H         LINE#         253
  C:15B5H         LINE#         254
  C:15BAH         LINE#         256
  C:15BAH         LINE#         257
  C:15DEH         LINE#         258
  C:15E6H         LINE#         259
  -------         ENDPROC       _OLED_SHOWNUM
  -------         PROC          _OLED_SHOWSTRING
  X:001AH         SYMBOL        x
  X:001BH         SYMBOL        y
  X:001CH         SYMBOL        chr
  X:001FH         SYMBOL        Char_Size
  -------         DO            
  X:0020H         SYMBOL        j
  -------         ENDDO         
  C:1B78H         LINE#         261
  C:1B88H         LINE#         262
  C:1B88H         LINE#         263
  C:1B8CH         LINE#         264
  C:1BA4H         LINE#         265
BL51 BANKED LINKER/LOCATER V6.22                                                      11/10/2019  17:01:50  PAGE 25


  C:1BB4H         LINE#         266
  C:1BBAH         LINE#         267
  C:1BC7H         LINE#         268
  C:1BCCH         LINE#         269
  C:1BCEH         LINE#         270
  -------         ENDPROC       _OLED_SHOWSTRING
  -------         PROC          _OLED_SHOWCHINESE
  X:0009H         SYMBOL        x
  X:000AH         SYMBOL        y
  X:000BH         SYMBOL        no
  -------         DO            
  D:0001H         SYMBOL        t
  X:000CH         SYMBOL        adder
  -------         ENDDO         
  C:1A75H         LINE#         272
  C:1A80H         LINE#         273
  C:1A80H         LINE#         274
  C:1A84H         LINE#         275
  C:1A87H         LINE#         276
  C:1A89H         LINE#         277
  C:1A89H         LINE#         278
  C:1AB0H         LINE#         279
  C:1AB4H         LINE#         280
  C:1AB9H         LINE#         281
  C:1AC4H         LINE#         282
  C:1AC6H         LINE#         283
  C:1AC6H         LINE#         284
  C:1AEDH         LINE#         285
  C:1AF1H         LINE#         286
  C:1AF6H         LINE#         287
  -------         ENDPROC       _OLED_SHOWCHINESE
  -------         PROC          _OLED_DRAWBMP
  X:000DH         SYMBOL        x0
  D:0005H         SYMBOL        y0
  X:000FH         SYMBOL        x1
  X:0010H         SYMBOL        y1
  X:0011H         SYMBOL        BMP
  -------         DO            
  X:0014H         SYMBOL        j
  X:0016H         SYMBOL        x
  X:0017H         SYMBOL        y
  -------         ENDDO         
  C:18E5H         LINE#         289
  C:18EDH         LINE#         290
  C:18EDH         LINE#         291
  C:18F3H         LINE#         294
  C:1903H         LINE#         295
  C:190FH         LINE#         296
  C:191FH         LINE#         297
  C:191FH         LINE#         298
  C:1926H         LINE#         299
  C:1935H         LINE#         300
  C:1935H         LINE#         301
  C:195DH         LINE#         302
  C:1964H         LINE#         303
  C:196BH         LINE#         304
  -------         ENDPROC       _OLED_DRAWBMP
BL51 BANKED LINKER/LOCATER V6.22                                                      11/10/2019  17:01:50  PAGE 26


  -------         PROC          OLED_INIT
  C:12CEH         LINE#         307
  C:12CEH         LINE#         308
  C:12CEH         LINE#         310
  C:12D4H         LINE#         311
  C:12D4H         LINE#         312
  C:12D7H         LINE#         313
  C:12E0H         LINE#         314
  C:12E9H         LINE#         315
  C:12F2H         LINE#         316
  C:12FBH         LINE#         317
  C:1304H         LINE#         318
  C:130DH         LINE#         319
  C:1316H         LINE#         320
  C:131FH         LINE#         321
  C:1328H         LINE#         322
  C:1331H         LINE#         323
  C:1339H         LINE#         325
  C:1342H         LINE#         326
  C:134BH         LINE#         328
  C:1354H         LINE#         329
  C:135DH         LINE#         331
  C:1366H         LINE#         332
  C:136FH         LINE#         334
  C:1378H         LINE#         335
  C:1381H         LINE#         337
  C:138AH         LINE#         338
  C:1393H         LINE#         340
  C:139CH         LINE#         341
  C:13A5H         LINE#         343
  -------         ENDPROC       OLED_INIT
  -------         ENDMOD        OLED

  -------         MODULE        ?C?CLDPTR
  C:1198H         PUBLIC        ?C?CLDPTR
  -------         ENDMOD        ?C?CLDPTR

  -------         MODULE        ?C?CLDOPTR
  C:11B1H         PUBLIC        ?C?CLDOPTR
  -------         ENDMOD        ?C?CLDOPTR

  -------         MODULE        ?C?CSTPTR
  C:11DEH         PUBLIC        ?C?CSTPTR
  -------         ENDMOD        ?C?CSTPTR

  -------         MODULE        ?C?CSTOPTR
  C:11F0H         PUBLIC        ?C?CSTOPTR
  -------         ENDMOD        ?C?CSTOPTR

  -------         MODULE        ?C?IMUL
  C:1212H         PUBLIC        ?C?IMUL
  -------         ENDMOD        ?C?IMUL

  -------         MODULE        ?C?UIDIV
  C:1224H         PUBLIC        ?C?UIDIV
  -------         ENDMOD        ?C?UIDIV

BL51 BANKED LINKER/LOCATER V6.22                                                      11/10/2019  17:01:50  PAGE 27


  -------         MODULE        ?C?SIDIV
  C:1279H         PUBLIC        ?C?SIDIV
  -------         ENDMOD        ?C?SIDIV

  -------         MODULE        ?C?ISTPTR
  C:12AFH         PUBLIC        ?C?ISTPTR
  -------         ENDMOD        ?C?ISTPTR

*** WARNING L16: UNCALLED SEGMENT, IGNORED FOR OVERLAY PROCESS
    SEGMENT: ?PR?_FILL_PICTURE?OLED

*** WARNING L16: UNCALLED SEGMENT, IGNORED FOR OVERLAY PROCESS
    SEGMENT: ?PR?_DELAY_50MS?OLED

*** WARNING L16: UNCALLED SEGMENT, IGNORED FOR OVERLAY PROCESS
    SEGMENT: ?PR?_DELAY_1MS?OLED

*** WARNING L16: UNCALLED SEGMENT, IGNORED FOR OVERLAY PROCESS
    SEGMENT: ?PR?OLED_DISPLAY_ON?OLED

*** WARNING L16: UNCALLED SEGMENT, IGNORED FOR OVERLAY PROCESS
    SEGMENT: ?PR?OLED_DISPLAY_OFF?OLED

*** WARNING L16: UNCALLED SEGMENT, IGNORED FOR OVERLAY PROCESS
    SEGMENT: ?PR?OLED_ON?OLED

*** WARNING L16: UNCALLED SEGMENT, IGNORED FOR OVERLAY PROCESS
    SEGMENT: ?PR?_OLED_SHOWCHINESE?OLED

*** WARNING L16: UNCALLED SEGMENT, IGNORED FOR OVERLAY PROCESS
    SEGMENT: ?PR?_OLED_DRAWBMP?OLED

Program Size: data=45.1 xdata=72 code=8047
LINK/LOCATE RUN COMPLETE.  8 WARNING(S),  0 ERROR(S)
