C51 COMPILER V9.01   DS1302                                                                10/29/2018 21:27:04 PAGE 1   


C51 COMPILER V9.01, COMPILATION OF MODULE DS1302
OBJECT MODULE PLACED IN ds1302.OBJ
COMPILER INVOKED BY: D:\软件\keil\C51\BIN\C51.EXE ds1302.c BROWSE DEBUG OBJECTEXTEND

line level    source

   1          #include"stc15fxxxx.h"
   2          #include "DS1302.h"
   3          
   4          u8 second,minute,hour,week,date,mouth,year;
   5          
   6          void DS1302_init(void)//初始化时间
   7          {
   8   1              WrDat_1302(W_control,0x00);//禁止写保护
   9   1              second=50;
  10   1              minute=36; 
  11   1              hour=19;  
  12   1              week=7;   
  13   1              date=31;  
  14   1              mouth=12; 
  15   1              year=12;
  16   1      }
  17          void delay(u8 i)//延时
  18          {
  19   1              u8 n;
  20   1              while(i--)
  21   1                      for(n=0;n<200;n++);
  22   1      }
  23          void Wr_1302(u8 dat)//向指定地址写入一个字节数据函数
  24          {
  25   1              u8 i;
  26   1              for(i=0;i<8;i++)
  27   1              {
  28   2                      DIO=dat&0x01;
  29   2                      SCLK=0;
  30   2                      SCLK=1;//DS_1302在上升沿是写                            
  31   2                      dat>>=1;//八位数据或命令右移一位
  32   2              }
  33   1      }
  34          u8 Rd_1302(void)//从指定地址读取一个字节数据函数
  35          {
  36   1              u8 i,p;
  37   1              DIO=1;
  38   1              for(i=8;i>0;i--)
  39   1              {
  40   2                      SCLK=1;
  41   2                      SCLK=0;//DS_1302在下降沿是读
  42   2                      p>>=1;//接受新的1位数据前先右移一位
  43   2                      if(DIO==1)                      
  44   2                      p|=0x80;//p最高位接受数据，其他位保持不变
  45   2              }
  46   1              return p;
  47   1      }
  48          
  49          void WrDat_1302(u8 dat,u8 cmd)//写字节函数
  50          {
  51   1              SCLK=0;//在RST由低变高之前，SCLK必须保持低电平
  52   1              RST=0;
  53   1              delay(1);
  54   1              RST=1;//RST高电平允许读/写
  55   1              Wr_1302(dat);//写命令字节
C51 COMPILER V9.01   DS1302                                                                10/29/2018 21:27:04 PAGE 2   

  56   1              Wr_1302(cmd);//写数据字节
  57   1              RST=0;//操作完毕，禁止RST
  58   1      }
  59          u8 RdDat_1302(u8 dat)//读字节函数
  60          {
  61   1              u8 p;
  62   1              SCLK=0;//在RST由低变高之前，SCLK必须保持低电平
  63   1              RST=0;//RST高电平允许读/写
  64   1              delay(1);
  65   1              RST=1;
  66   1              Wr_1302(dat);//写命令字节
  67   1              p=Rd_1302();//读数据字节，暂存在a中
  68   1              RST=0;//操作完毕，禁止RST
  69   1              return p;//返回1字节的RTC（实时时钟）数据
  70   1      }
  71          void Wrds1302_init(void)//写时间
  72          {                                                                  
  73   1              second=D2BCD(second);//十进制转换为BCD码
  74   1              minute=D2BCD(minute);
  75   1              hour=D2BCD(hour);
  76   1              date=D2BCD(date);
  77   1              mouth=D2BCD(mouth);
  78   1              week=D2BCD(week);
  79   1              year=D2BCD(year);
  80   1      
  81   1              WrDat_1302(W_control,0x00);//禁止写保护
  82   1              WrDat_1302(W_second,second);
  83   1              WrDat_1302(W_minute,minute);
  84   1              WrDat_1302(W_hour,hour);
  85   1              WrDat_1302(W_date,date);
  86   1              WrDat_1302(W_mouth,mouth);
  87   1              WrDat_1302(W_week,week);
  88   1              WrDat_1302(W_year,year);
  89   1              WrDat_1302(W_control,0x80);//允许写保护
  90   1                                                                       
  91   1      }
  92          void Rdds1302_init(void)//读取RTC数据
  93          {                                       
  94   1              second=RdDat_1302(R_second)&0x7f;
  95   1              second=BCD2D(second);
  96   1      
  97   1              minute=RdDat_1302(R_minute);
  98   1              minute=BCD2D(minute);
  99   1      
 100   1              hour=RdDat_1302(R_hour);
 101   1              hour=BCD2D(hour);
 102   1      
 103   1              date=RdDat_1302(R_date);
 104   1              date=BCD2D(date);
 105   1      
 106   1              mouth=RdDat_1302(R_mouth);
 107   1              mouth=BCD2D(mouth);
 108   1              
 109   1              week=RdDat_1302(R_week);
 110   1              week=BCD2D(week);
 111   1      
 112   1              year=RdDat_1302(R_year);
 113   1              year=BCD2D(year);
 114   1      }


MODULE INFORMATION:   STATIC OVERLAYABLE
C51 COMPILER V9.01   DS1302                                                                10/29/2018 21:27:04 PAGE 3   

   CODE SIZE        =    527    ----
   CONSTANT SIZE    =   ----    ----
   XDATA SIZE       =   ----    ----
   PDATA SIZE       =   ----    ----
   DATA SIZE        =      7    ----
   IDATA SIZE       =   ----    ----
   BIT SIZE         =   ----    ----
END OF MODULE INFORMATION.


C51 COMPILATION COMPLETE.  0 WARNING(S),  0 ERROR(S)
